// Jest Snapshot v1, https://goo.gl/fbAQLP

exports[`Test for Past orders should render component 1`] = `
<div>
  <div>
    <table
      className="table bordered mw-958-px"
    >
      <thead>
        <tr>
          <th
            className="w-155-px"
          >
            Date
          </th>
          <th>
            Details
          </th>
        </tr>
      </thead>
      <tbody>
        <PastOrder
          action=""
          autoExpireDate=""
          dateActivated="2018-May-20 10:59"
          dateFormat="DD-MMM-YYYY HH:mm"
          dateStopped=""
          dose={1}
          doseUnits={
            Object {
              "display": "drops",
            }
          }
          dosingInstructions=""
          dosingType=""
          drug={
            Object {
              "display": "new drug",
            }
          }
          duration={2}
          durationUnits={
            Object {
              "display": "weeks",
            }
          }
          frequency={
            Object {
              "display": "twice a week",
            }
          }
          key="024b1459-f31d-46cb-8ad3-2a624c894e2c"
          quantity={2}
          quantityUnits={
            Object {
              "display": "drops",
            }
          }
          route={
            Object {
              "display": "reactally",
            }
          }
          uuid="024b1459-f31d-46cb-8ad3-2a624c894e2c"
        />
      </tbody>
    </table>
    <div
      className="clear"
    >
      <div
        className="float-left-padding"
      >
        Showing 1 to 10 of 55 entries
      </div>
      <div
        className="dataTables_paginate"
      >
        <PaginationBoxView
          activeClassName="active-link"
          breakClassName="text-align-center"
          breakLabel="..."
          containerClassName="react-paginate-container"
          disableInitialCallback={true}
          disabledClassName="active-link"
          forcePage={0}
          initialPage={0}
          marginPagesDisplayed={3}
          nextClassName="next"
          nextLabel="Next"
          nextLinkClassName="page-link"
          onPageChange={[Function]}
          pageCount={0}
          pageLinkClassName="page-link"
          pageRangeDisplayed={5}
          previousClassName="previous"
          previousLabel="Previous"
          previousLinkClassName="page-link"
        />
      </div>
    </div>
  </div>
  <div />
</div>
`;
