// Jest Snapshot v1, https://goo.gl/fbAQLP

exports[`<PastOrder /> should render component 1`] = `
<tr>
  <td>
    2018-May-20
    - 2018-May-20
  </td>
  <td>
    <p>
      new drug
      :
       0
       drops,
       twice a week,
       reactally, for 
      0
       weeks
    </p>
  </td>
</tr>
`;

exports[`<PastOrder /> should render details 1`] = `
<tr>
  <td>
    2018-May-20
    - 2018-May-20
  </td>
  <td>
    <p>
      new drug
      :
       0
       drops,
       twice a week,
       reactally, for 
      0
       weeks
    </p>
  </td>
</tr>
`;
