// Jest Snapshot v1, https://goo.gl/fbAQLP

exports[`Component: PatientDashBoard: View Conditional rendering renders properly 1`] = `
ShallowWrapper {
  "length": 1,
  Symbol(enzyme.__root__): [Circular],
  Symbol(enzyme.__unrendered__): <View
    isLoading={false}
    note={
      Array [
        Object {
          "auditInfo": Object {
            "creator": Object {
              "display": "admin",
            },
            "dateCreated": 2018-03-26T07:54:27.160Z,
          },
          "value": "Healthy guy",
        },
      ]
    }
    patient={
      Object {
        "attributes": Array [
          Object {
            "value": "0801000000",
          },
        ],
        "patientIdentifier": Object {
          "identifier": "2001A",
        },
        "person": Object {
          "age": "19",
          "gender": "M",
          "personName": Object {
            "familyName": "Larrystone",
            "givenName": "Larrystone",
            "middleName": "Katz",
          },
          "preferredAddress": Object {
            "display": "My Address",
          },
        },
      }
    }
    showContactInfo={true}
    toggleDetailsView={[MockFunction]}
  />,
  Symbol(enzyme.__renderer__): Object {
    "batchedUpdates": [Function],
    "getNode": [Function],
    "render": [Function],
    "simulateEvent": [Function],
    "unmount": [Function],
  },
  Symbol(enzyme.__node__): Object {
    "instance": null,
    "key": undefined,
    "nodeType": "host",
    "props": Object {
      "children": Array [
        <div
          className="demographics"
        >
          <h1
            className="name"
          >
            <span>
              <span
                className="PersonName-givenName"
              >
                Larrystone
                  
              </span>
              <em>
                Given
              </em>
            </span>
            <span>
              <span
                className="PersonName-middleName"
              >
                Katz
                  
              </span>
              <em>
                Middle
              </em>
            </span>
            <span>
              <span
                className="PersonName-familyName"
              >
                Larrystone
              </span>
              <em>
                Family Name
              </em>
            </span>
             
            <span
              className="gender-age"
            >
              <span>
                Male
                 
              </span>
              <span>
                19
                 year(s) (
                Invalid Date
                )
              </span>
              <span
                className="edit-info"
                id="edit-patient-demographics"
              >
                <small>
                  <a
                    href="../../registrationapp/editSection.page?patientId=107&sectionId=demographics&appId=referenceapplication.registrationapp.registerPatient"
                  >
                    Edit
                  </a>
                </small>
              </span>
              <a
                className="contact-info-label expanded"
                id="patient-header-contactInfo"
                onClick={[Function]}
                role="button"
                tabIndex="0"
              >
                <span>
                  Hide Contact Info 
                  <i
                    className="toggle-icon icon-caret-up small"
                  />
                </span>
              </a>
            </span>
            <div
              className="firstLineFragments"
            />
            <div
              className=""
              id="contactInfoContent"
            >
              <div
                className="contact-info-inline"
              >
                <span>
                  My Address
                  <em>
                    Address
                  </em>
                </span>
                <span
                  className="left-margin"
                >
                  <span
                    id="coreapps-telephoneNumber"
                  >
                    0801000000
                  </span>
                  <em>
                    Telephone Number
                  </em>
                </span>
                  
                <small
                  className="edit-info"
                  id="contact-info-inline-edit"
                >
                  <a
                    href="../../registrationapp/editSection.page?patientId=107&sectionId=contactInfo&appId=referenceapplication.registrationapp.registerPatient"
                  >
                    Edit
                  </a>
                </small>
              </div>
            </div>
          </h1>
        </div>,
        <div
          className="identifiers"
        >
          <em>
            Patient ID
          </em>
          <span>
            2001A
          </span>
          <br />
        </div>,
        <div
          className="secondLineFragments"
        >
          <div
            className="clickToEditObs ng-scope"
          >
            <div
              className="firstLine"
            >
              <span
                className="note-wrapper"
              >
                <span>
                  <pre
                    className="preformatted-note"
                  >
                    Healthy guy
                  </pre>
                </span>
              </span>
            </div>
            <div
              className="details secondLine"
            >
              <span
                className="created-by"
              >
                admin
              </span>
               
              <span
                className="created-date"
              >
                less than 5 seconds ago
              </span>
            </div>
          </div>
        </div>,
      ],
      "className": "patient-header ",
    },
    "ref": null,
    "rendered": Array [
      Object {
        "instance": null,
        "key": undefined,
        "nodeType": "host",
        "props": Object {
          "children": <h1
            className="name"
          >
            <span>
              <span
                className="PersonName-givenName"
              >
                Larrystone
                  
              </span>
              <em>
                Given
              </em>
            </span>
            <span>
              <span
                className="PersonName-middleName"
              >
                Katz
                  
              </span>
              <em>
                Middle
              </em>
            </span>
            <span>
              <span
                className="PersonName-familyName"
              >
                Larrystone
              </span>
              <em>
                Family Name
              </em>
            </span>
             
            <span
              className="gender-age"
            >
              <span>
                Male
                 
              </span>
              <span>
                19
                 year(s) (
                Invalid Date
                )
              </span>
              <span
                className="edit-info"
                id="edit-patient-demographics"
              >
                <small>
                  <a
                    href="../../registrationapp/editSection.page?patientId=107&sectionId=demographics&appId=referenceapplication.registrationapp.registerPatient"
                  >
                    Edit
                  </a>
                </small>
              </span>
              <a
                className="contact-info-label expanded"
                id="patient-header-contactInfo"
                onClick={[Function]}
                role="button"
                tabIndex="0"
              >
                <span>
                  Hide Contact Info 
                  <i
                    className="toggle-icon icon-caret-up small"
                  />
                </span>
              </a>
            </span>
            <div
              className="firstLineFragments"
            />
            <div
              className=""
              id="contactInfoContent"
            >
              <div
                className="contact-info-inline"
              >
                <span>
                  My Address
                  <em>
                    Address
                  </em>
                </span>
                <span
                  className="left-margin"
                >
                  <span
                    id="coreapps-telephoneNumber"
                  >
                    0801000000
                  </span>
                  <em>
                    Telephone Number
                  </em>
                </span>
                  
                <small
                  className="edit-info"
                  id="contact-info-inline-edit"
                >
                  <a
                    href="../../registrationapp/editSection.page?patientId=107&sectionId=contactInfo&appId=referenceapplication.registrationapp.registerPatient"
                  >
                    Edit
                  </a>
                </small>
              </div>
            </div>
          </h1>,
          "className": "demographics",
        },
        "ref": null,
        "rendered": Object {
          "instance": null,
          "key": undefined,
          "nodeType": "host",
          "props": Object {
            "children": Array [
              <span>
                <span
                  className="PersonName-givenName"
                >
                  Larrystone
                    
                </span>
                <em>
                  Given
                </em>
              </span>,
              <span>
                <span
                  className="PersonName-middleName"
                >
                  Katz
                    
                </span>
                <em>
                  Middle
                </em>
              </span>,
              <span>
                <span
                  className="PersonName-familyName"
                >
                  Larrystone
                </span>
                <em>
                  Family Name
                </em>
              </span>,
              " ",
              <span
                className="gender-age"
              >
                <span>
                  Male
                   
                </span>
                <span>
                  19
                   year(s) (
                  Invalid Date
                  )
                </span>
                <span
                  className="edit-info"
                  id="edit-patient-demographics"
                >
                  <small>
                    <a
                      href="../../registrationapp/editSection.page?patientId=107&sectionId=demographics&appId=referenceapplication.registrationapp.registerPatient"
                    >
                      Edit
                    </a>
                  </small>
                </span>
                <a
                  className="contact-info-label expanded"
                  id="patient-header-contactInfo"
                  onClick={[Function]}
                  role="button"
                  tabIndex="0"
                >
                  <span>
                    Hide Contact Info 
                    <i
                      className="toggle-icon icon-caret-up small"
                    />
                  </span>
                </a>
              </span>,
              <div
                className="firstLineFragments"
              />,
              <div
                className=""
                id="contactInfoContent"
              >
                <div
                  className="contact-info-inline"
                >
                  <span>
                    My Address
                    <em>
                      Address
                    </em>
                  </span>
                  <span
                    className="left-margin"
                  >
                    <span
                      id="coreapps-telephoneNumber"
                    >
                      0801000000
                    </span>
                    <em>
                      Telephone Number
                    </em>
                  </span>
                    
                  <small
                    className="edit-info"
                    id="contact-info-inline-edit"
                  >
                    <a
                      href="../../registrationapp/editSection.page?patientId=107&sectionId=contactInfo&appId=referenceapplication.registrationapp.registerPatient"
                    >
                      Edit
                    </a>
                  </small>
                </div>
              </div>,
            ],
            "className": "name",
          },
          "ref": null,
          "rendered": Array [
            Object {
              "instance": null,
              "key": undefined,
              "nodeType": "host",
              "props": Object {
                "children": Array [
                  <span
                    className="PersonName-givenName"
                  >
                    Larrystone
                      
                  </span>,
                  <em>
                    Given
                  </em>,
                ],
              },
              "ref": null,
              "rendered": Array [
                Object {
                  "instance": null,
                  "key": undefined,
                  "nodeType": "host",
                  "props": Object {
                    "children": Array [
                      "Larrystone",
                      "  ",
                    ],
                    "className": "PersonName-givenName",
                  },
                  "ref": null,
                  "rendered": Array [
                    "Larrystone",
                    "  ",
                  ],
                  "type": "span",
                },
                Object {
                  "instance": null,
                  "key": undefined,
                  "nodeType": "host",
                  "props": Object {
                    "children": "Given",
                  },
                  "ref": null,
                  "rendered": "Given",
                  "type": "em",
                },
              ],
              "type": "span",
            },
            Object {
              "instance": null,
              "key": undefined,
              "nodeType": "host",
              "props": Object {
                "children": Array [
                  <span
                    className="PersonName-middleName"
                  >
                    Katz
                      
                  </span>,
                  <em>
                    Middle
                  </em>,
                ],
              },
              "ref": null,
              "rendered": Array [
                Object {
                  "instance": null,
                  "key": undefined,
                  "nodeType": "host",
                  "props": Object {
                    "children": Array [
                      "Katz",
                      "  ",
                    ],
                    "className": "PersonName-middleName",
                  },
                  "ref": null,
                  "rendered": Array [
                    "Katz",
                    "  ",
                  ],
                  "type": "span",
                },
                Object {
                  "instance": null,
                  "key": undefined,
                  "nodeType": "host",
                  "props": Object {
                    "children": "Middle",
                  },
                  "ref": null,
                  "rendered": "Middle",
                  "type": "em",
                },
              ],
              "type": "span",
            },
            Object {
              "instance": null,
              "key": undefined,
              "nodeType": "host",
              "props": Object {
                "children": Array [
                  <span
                    className="PersonName-familyName"
                  >
                    Larrystone
                  </span>,
                  <em>
                    Family Name
                  </em>,
                ],
              },
              "ref": null,
              "rendered": Array [
                Object {
                  "instance": null,
                  "key": undefined,
                  "nodeType": "host",
                  "props": Object {
                    "children": "Larrystone",
                    "className": "PersonName-familyName",
                  },
                  "ref": null,
                  "rendered": "Larrystone",
                  "type": "span",
                },
                Object {
                  "instance": null,
                  "key": undefined,
                  "nodeType": "host",
                  "props": Object {
                    "children": "Family Name",
                  },
                  "ref": null,
                  "rendered": "Family Name",
                  "type": "em",
                },
              ],
              "type": "span",
            },
            " ",
            Object {
              "instance": null,
              "key": undefined,
              "nodeType": "host",
              "props": Object {
                "children": Array [
                  <span>
                    Male
                     
                  </span>,
                  <span>
                    19
                     year(s) (
                    Invalid Date
                    )
                  </span>,
                  <span
                    className="edit-info"
                    id="edit-patient-demographics"
                  >
                    <small>
                      <a
                        href="../../registrationapp/editSection.page?patientId=107&sectionId=demographics&appId=referenceapplication.registrationapp.registerPatient"
                      >
                        Edit
                      </a>
                    </small>
                  </span>,
                  <a
                    className="contact-info-label expanded"
                    id="patient-header-contactInfo"
                    onClick={[Function]}
                    role="button"
                    tabIndex="0"
                  >
                    <span>
                      Hide Contact Info 
                      <i
                        className="toggle-icon icon-caret-up small"
                      />
                    </span>
                  </a>,
                ],
                "className": "gender-age",
              },
              "ref": null,
              "rendered": Array [
                Object {
                  "instance": null,
                  "key": undefined,
                  "nodeType": "host",
                  "props": Object {
                    "children": Array [
                      "Male",
                      " ",
                    ],
                  },
                  "ref": null,
                  "rendered": Array [
                    "Male",
                    " ",
                  ],
                  "type": "span",
                },
                Object {
                  "instance": null,
                  "key": undefined,
                  "nodeType": "host",
                  "props": Object {
                    "children": Array [
                      "19",
                      " year(s) (",
                      "Invalid Date",
                      ")",
                    ],
                  },
                  "ref": null,
                  "rendered": Array [
                    "19",
                    " year(s) (",
                    "Invalid Date",
                    ")",
                  ],
                  "type": "span",
                },
                Object {
                  "instance": null,
                  "key": undefined,
                  "nodeType": "host",
                  "props": Object {
                    "children": <small>
                      <a
                        href="../../registrationapp/editSection.page?patientId=107&sectionId=demographics&appId=referenceapplication.registrationapp.registerPatient"
                      >
                        Edit
                      </a>
                    </small>,
                    "className": "edit-info",
                    "id": "edit-patient-demographics",
                  },
                  "ref": null,
                  "rendered": Object {
                    "instance": null,
                    "key": undefined,
                    "nodeType": "host",
                    "props": Object {
                      "children": <a
                        href="../../registrationapp/editSection.page?patientId=107&sectionId=demographics&appId=referenceapplication.registrationapp.registerPatient"
                      >
                        Edit
                      </a>,
                    },
                    "ref": null,
                    "rendered": Object {
                      "instance": null,
                      "key": undefined,
                      "nodeType": "host",
                      "props": Object {
                        "children": "Edit",
                        "href": "../../registrationapp/editSection.page?patientId=107&sectionId=demographics&appId=referenceapplication.registrationapp.registerPatient",
                      },
                      "ref": null,
                      "rendered": "Edit",
                      "type": "a",
                    },
                    "type": "small",
                  },
                  "type": "span",
                },
                Object {
                  "instance": null,
                  "key": undefined,
                  "nodeType": "host",
                  "props": Object {
                    "children": <span>
                      Hide Contact Info 
                      <i
                        className="toggle-icon icon-caret-up small"
                      />
                    </span>,
                    "className": "contact-info-label expanded",
                    "id": "patient-header-contactInfo",
                    "onClick": [Function],
                    "role": "button",
                    "tabIndex": "0",
                  },
                  "ref": null,
                  "rendered": Object {
                    "instance": null,
                    "key": undefined,
                    "nodeType": "host",
                    "props": Object {
                      "children": Array [
                        "Hide Contact Info ",
                        <i
                          className="toggle-icon icon-caret-up small"
                        />,
                      ],
                    },
                    "ref": null,
                    "rendered": Array [
                      "Hide Contact Info ",
                      Object {
                        "instance": null,
                        "key": undefined,
                        "nodeType": "host",
                        "props": Object {
                          "className": "toggle-icon icon-caret-up small",
                        },
                        "ref": null,
                        "rendered": null,
                        "type": "i",
                      },
                    ],
                    "type": "span",
                  },
                  "type": "a",
                },
              ],
              "type": "span",
            },
            Object {
              "instance": null,
              "key": undefined,
              "nodeType": "host",
              "props": Object {
                "className": "firstLineFragments",
              },
              "ref": null,
              "rendered": null,
              "type": "div",
            },
            Object {
              "instance": null,
              "key": undefined,
              "nodeType": "host",
              "props": Object {
                "children": <div
                  className="contact-info-inline"
                >
                  <span>
                    My Address
                    <em>
                      Address
                    </em>
                  </span>
                  <span
                    className="left-margin"
                  >
                    <span
                      id="coreapps-telephoneNumber"
                    >
                      0801000000
                    </span>
                    <em>
                      Telephone Number
                    </em>
                  </span>
                    
                  <small
                    className="edit-info"
                    id="contact-info-inline-edit"
                  >
                    <a
                      href="../../registrationapp/editSection.page?patientId=107&sectionId=contactInfo&appId=referenceapplication.registrationapp.registerPatient"
                    >
                      Edit
                    </a>
                  </small>
                </div>,
                "className": "",
                "id": "contactInfoContent",
              },
              "ref": null,
              "rendered": Object {
                "instance": null,
                "key": undefined,
                "nodeType": "host",
                "props": Object {
                  "children": Array [
                    <span>
                      My Address
                      <em>
                        Address
                      </em>
                    </span>,
                    <span
                      className="left-margin"
                    >
                      <span
                        id="coreapps-telephoneNumber"
                      >
                        0801000000
                      </span>
                      <em>
                        Telephone Number
                      </em>
                    </span>,
                    "  ",
                    <small
                      className="edit-info"
                      id="contact-info-inline-edit"
                    >
                      <a
                        href="../../registrationapp/editSection.page?patientId=107&sectionId=contactInfo&appId=referenceapplication.registrationapp.registerPatient"
                      >
                        Edit
                      </a>
                    </small>,
                  ],
                  "className": "contact-info-inline",
                },
                "ref": null,
                "rendered": Array [
                  Object {
                    "instance": null,
                    "key": undefined,
                    "nodeType": "host",
                    "props": Object {
                      "children": Array [
                        "My Address",
                        <em>
                          Address
                        </em>,
                      ],
                    },
                    "ref": null,
                    "rendered": Array [
                      "My Address",
                      Object {
                        "instance": null,
                        "key": undefined,
                        "nodeType": "host",
                        "props": Object {
                          "children": "Address",
                        },
                        "ref": null,
                        "rendered": "Address",
                        "type": "em",
                      },
                    ],
                    "type": "span",
                  },
                  Object {
                    "instance": null,
                    "key": undefined,
                    "nodeType": "host",
                    "props": Object {
                      "children": Array [
                        <span
                          id="coreapps-telephoneNumber"
                        >
                          0801000000
                        </span>,
                        <em>
                          Telephone Number
                        </em>,
                      ],
                      "className": "left-margin",
                    },
                    "ref": null,
                    "rendered": Array [
                      Object {
                        "instance": null,
                        "key": undefined,
                        "nodeType": "host",
                        "props": Object {
                          "children": "0801000000",
                          "id": "coreapps-telephoneNumber",
                        },
                        "ref": null,
                        "rendered": "0801000000",
                        "type": "span",
                      },
                      Object {
                        "instance": null,
                        "key": undefined,
                        "nodeType": "host",
                        "props": Object {
                          "children": "Telephone Number",
                        },
                        "ref": null,
                        "rendered": "Telephone Number",
                        "type": "em",
                      },
                    ],
                    "type": "span",
                  },
                  "  ",
                  Object {
                    "instance": null,
                    "key": undefined,
                    "nodeType": "host",
                    "props": Object {
                      "children": <a
                        href="../../registrationapp/editSection.page?patientId=107&sectionId=contactInfo&appId=referenceapplication.registrationapp.registerPatient"
                      >
                        Edit
                      </a>,
                      "className": "edit-info",
                      "id": "contact-info-inline-edit",
                    },
                    "ref": null,
                    "rendered": Object {
                      "instance": null,
                      "key": undefined,
                      "nodeType": "host",
                      "props": Object {
                        "children": "Edit",
                        "href": "../../registrationapp/editSection.page?patientId=107&sectionId=contactInfo&appId=referenceapplication.registrationapp.registerPatient",
                      },
                      "ref": null,
                      "rendered": "Edit",
                      "type": "a",
                    },
                    "type": "small",
                  },
                ],
                "type": "div",
              },
              "type": "div",
            },
          ],
          "type": "h1",
        },
        "type": "div",
      },
      Object {
        "instance": null,
        "key": undefined,
        "nodeType": "host",
        "props": Object {
          "children": Array [
            <em>
              Patient ID
            </em>,
            <span>
              2001A
            </span>,
            <br />,
          ],
          "className": "identifiers",
        },
        "ref": null,
        "rendered": Array [
          Object {
            "instance": null,
            "key": undefined,
            "nodeType": "host",
            "props": Object {
              "children": "Patient ID",
            },
            "ref": null,
            "rendered": "Patient ID",
            "type": "em",
          },
          Object {
            "instance": null,
            "key": undefined,
            "nodeType": "host",
            "props": Object {
              "children": "2001A",
            },
            "ref": null,
            "rendered": "2001A",
            "type": "span",
          },
          Object {
            "instance": null,
            "key": undefined,
            "nodeType": "host",
            "props": Object {},
            "ref": null,
            "rendered": null,
            "type": "br",
          },
        ],
        "type": "div",
      },
      Object {
        "instance": null,
        "key": undefined,
        "nodeType": "host",
        "props": Object {
          "children": <div
            className="clickToEditObs ng-scope"
          >
            <div
              className="firstLine"
            >
              <span
                className="note-wrapper"
              >
                <span>
                  <pre
                    className="preformatted-note"
                  >
                    Healthy guy
                  </pre>
                </span>
              </span>
            </div>
            <div
              className="details secondLine"
            >
              <span
                className="created-by"
              >
                admin
              </span>
               
              <span
                className="created-date"
              >
                less than 5 seconds ago
              </span>
            </div>
          </div>,
          "className": "secondLineFragments",
        },
        "ref": null,
        "rendered": Object {
          "instance": null,
          "key": undefined,
          "nodeType": "host",
          "props": Object {
            "children": Array [
              <div
                className="firstLine"
              >
                <span
                  className="note-wrapper"
                >
                  <span>
                    <pre
                      className="preformatted-note"
                    >
                      Healthy guy
                    </pre>
                  </span>
                </span>
              </div>,
              <div
                className="details secondLine"
              >
                <span
                  className="created-by"
                >
                  admin
                </span>
                 
                <span
                  className="created-date"
                >
                  less than 5 seconds ago
                </span>
              </div>,
            ],
            "className": "clickToEditObs ng-scope",
          },
          "ref": null,
          "rendered": Array [
            Object {
              "instance": null,
              "key": undefined,
              "nodeType": "host",
              "props": Object {
                "children": <span
                  className="note-wrapper"
                >
                  <span>
                    <pre
                      className="preformatted-note"
                    >
                      Healthy guy
                    </pre>
                  </span>
                </span>,
                "className": "firstLine",
              },
              "ref": null,
              "rendered": Object {
                "instance": null,
                "key": undefined,
                "nodeType": "host",
                "props": Object {
                  "children": <span>
                    <pre
                      className="preformatted-note"
                    >
                      Healthy guy
                    </pre>
                  </span>,
                  "className": "note-wrapper",
                },
                "ref": null,
                "rendered": Object {
                  "instance": null,
                  "key": undefined,
                  "nodeType": "host",
                  "props": Object {
                    "children": <pre
                      className="preformatted-note"
                    >
                      Healthy guy
                    </pre>,
                  },
                  "ref": null,
                  "rendered": Object {
                    "instance": null,
                    "key": undefined,
                    "nodeType": "host",
                    "props": Object {
                      "children": "Healthy guy",
                      "className": "preformatted-note",
                    },
                    "ref": null,
                    "rendered": "Healthy guy",
                    "type": "pre",
                  },
                  "type": "span",
                },
                "type": "span",
              },
              "type": "div",
            },
            Object {
              "instance": null,
              "key": undefined,
              "nodeType": "host",
              "props": Object {
                "children": Array [
                  <span
                    className="created-by"
                  >
                    admin
                  </span>,
                  " ",
                  <span
                    className="created-date"
                  >
                    less than 5 seconds ago
                  </span>,
                ],
                "className": "details secondLine",
              },
              "ref": null,
              "rendered": Array [
                Object {
                  "instance": null,
                  "key": undefined,
                  "nodeType": "host",
                  "props": Object {
                    "children": "admin",
                    "className": "created-by",
                  },
                  "ref": null,
                  "rendered": "admin",
                  "type": "span",
                },
                " ",
                Object {
                  "instance": null,
                  "key": undefined,
                  "nodeType": "host",
                  "props": Object {
                    "children": "less than 5 seconds ago",
                    "className": "created-date",
                  },
                  "ref": null,
                  "rendered": "less than 5 seconds ago",
                  "type": "span",
                },
              ],
              "type": "div",
            },
          ],
          "type": "div",
        },
        "type": "div",
      },
    ],
    "type": "div",
  },
  Symbol(enzyme.__nodes__): Array [
    Object {
      "instance": null,
      "key": undefined,
      "nodeType": "host",
      "props": Object {
        "children": Array [
          <div
            className="demographics"
          >
            <h1
              className="name"
            >
              <span>
                <span
                  className="PersonName-givenName"
                >
                  Larrystone
                    
                </span>
                <em>
                  Given
                </em>
              </span>
              <span>
                <span
                  className="PersonName-middleName"
                >
                  Katz
                    
                </span>
                <em>
                  Middle
                </em>
              </span>
              <span>
                <span
                  className="PersonName-familyName"
                >
                  Larrystone
                </span>
                <em>
                  Family Name
                </em>
              </span>
               
              <span
                className="gender-age"
              >
                <span>
                  Male
                   
                </span>
                <span>
                  19
                   year(s) (
                  Invalid Date
                  )
                </span>
                <span
                  className="edit-info"
                  id="edit-patient-demographics"
                >
                  <small>
                    <a
                      href="../../registrationapp/editSection.page?patientId=107&sectionId=demographics&appId=referenceapplication.registrationapp.registerPatient"
                    >
                      Edit
                    </a>
                  </small>
                </span>
                <a
                  className="contact-info-label expanded"
                  id="patient-header-contactInfo"
                  onClick={[Function]}
                  role="button"
                  tabIndex="0"
                >
                  <span>
                    Hide Contact Info 
                    <i
                      className="toggle-icon icon-caret-up small"
                    />
                  </span>
                </a>
              </span>
              <div
                className="firstLineFragments"
              />
              <div
                className=""
                id="contactInfoContent"
              >
                <div
                  className="contact-info-inline"
                >
                  <span>
                    My Address
                    <em>
                      Address
                    </em>
                  </span>
                  <span
                    className="left-margin"
                  >
                    <span
                      id="coreapps-telephoneNumber"
                    >
                      0801000000
                    </span>
                    <em>
                      Telephone Number
                    </em>
                  </span>
                    
                  <small
                    className="edit-info"
                    id="contact-info-inline-edit"
                  >
                    <a
                      href="../../registrationapp/editSection.page?patientId=107&sectionId=contactInfo&appId=referenceapplication.registrationapp.registerPatient"
                    >
                      Edit
                    </a>
                  </small>
                </div>
              </div>
            </h1>
          </div>,
          <div
            className="identifiers"
          >
            <em>
              Patient ID
            </em>
            <span>
              2001A
            </span>
            <br />
          </div>,
          <div
            className="secondLineFragments"
          >
            <div
              className="clickToEditObs ng-scope"
            >
              <div
                className="firstLine"
              >
                <span
                  className="note-wrapper"
                >
                  <span>
                    <pre
                      className="preformatted-note"
                    >
                      Healthy guy
                    </pre>
                  </span>
                </span>
              </div>
              <div
                className="details secondLine"
              >
                <span
                  className="created-by"
                >
                  admin
                </span>
                 
                <span
                  className="created-date"
                >
                  less than 5 seconds ago
                </span>
              </div>
            </div>
          </div>,
        ],
        "className": "patient-header ",
      },
      "ref": null,
      "rendered": Array [
        Object {
          "instance": null,
          "key": undefined,
          "nodeType": "host",
          "props": Object {
            "children": <h1
              className="name"
            >
              <span>
                <span
                  className="PersonName-givenName"
                >
                  Larrystone
                    
                </span>
                <em>
                  Given
                </em>
              </span>
              <span>
                <span
                  className="PersonName-middleName"
                >
                  Katz
                    
                </span>
                <em>
                  Middle
                </em>
              </span>
              <span>
                <span
                  className="PersonName-familyName"
                >
                  Larrystone
                </span>
                <em>
                  Family Name
                </em>
              </span>
               
              <span
                className="gender-age"
              >
                <span>
                  Male
                   
                </span>
                <span>
                  19
                   year(s) (
                  Invalid Date
                  )
                </span>
                <span
                  className="edit-info"
                  id="edit-patient-demographics"
                >
                  <small>
                    <a
                      href="../../registrationapp/editSection.page?patientId=107&sectionId=demographics&appId=referenceapplication.registrationapp.registerPatient"
                    >
                      Edit
                    </a>
                  </small>
                </span>
                <a
                  className="contact-info-label expanded"
                  id="patient-header-contactInfo"
                  onClick={[Function]}
                  role="button"
                  tabIndex="0"
                >
                  <span>
                    Hide Contact Info 
                    <i
                      className="toggle-icon icon-caret-up small"
                    />
                  </span>
                </a>
              </span>
              <div
                className="firstLineFragments"
              />
              <div
                className=""
                id="contactInfoContent"
              >
                <div
                  className="contact-info-inline"
                >
                  <span>
                    My Address
                    <em>
                      Address
                    </em>
                  </span>
                  <span
                    className="left-margin"
                  >
                    <span
                      id="coreapps-telephoneNumber"
                    >
                      0801000000
                    </span>
                    <em>
                      Telephone Number
                    </em>
                  </span>
                    
                  <small
                    className="edit-info"
                    id="contact-info-inline-edit"
                  >
                    <a
                      href="../../registrationapp/editSection.page?patientId=107&sectionId=contactInfo&appId=referenceapplication.registrationapp.registerPatient"
                    >
                      Edit
                    </a>
                  </small>
                </div>
              </div>
            </h1>,
            "className": "demographics",
          },
          "ref": null,
          "rendered": Object {
            "instance": null,
            "key": undefined,
            "nodeType": "host",
            "props": Object {
              "children": Array [
                <span>
                  <span
                    className="PersonName-givenName"
                  >
                    Larrystone
                      
                  </span>
                  <em>
                    Given
                  </em>
                </span>,
                <span>
                  <span
                    className="PersonName-middleName"
                  >
                    Katz
                      
                  </span>
                  <em>
                    Middle
                  </em>
                </span>,
                <span>
                  <span
                    className="PersonName-familyName"
                  >
                    Larrystone
                  </span>
                  <em>
                    Family Name
                  </em>
                </span>,
                " ",
                <span
                  className="gender-age"
                >
                  <span>
                    Male
                     
                  </span>
                  <span>
                    19
                     year(s) (
                    Invalid Date
                    )
                  </span>
                  <span
                    className="edit-info"
                    id="edit-patient-demographics"
                  >
                    <small>
                      <a
                        href="../../registrationapp/editSection.page?patientId=107&sectionId=demographics&appId=referenceapplication.registrationapp.registerPatient"
                      >
                        Edit
                      </a>
                    </small>
                  </span>
                  <a
                    className="contact-info-label expanded"
                    id="patient-header-contactInfo"
                    onClick={[Function]}
                    role="button"
                    tabIndex="0"
                  >
                    <span>
                      Hide Contact Info 
                      <i
                        className="toggle-icon icon-caret-up small"
                      />
                    </span>
                  </a>
                </span>,
                <div
                  className="firstLineFragments"
                />,
                <div
                  className=""
                  id="contactInfoContent"
                >
                  <div
                    className="contact-info-inline"
                  >
                    <span>
                      My Address
                      <em>
                        Address
                      </em>
                    </span>
                    <span
                      className="left-margin"
                    >
                      <span
                        id="coreapps-telephoneNumber"
                      >
                        0801000000
                      </span>
                      <em>
                        Telephone Number
                      </em>
                    </span>
                      
                    <small
                      className="edit-info"
                      id="contact-info-inline-edit"
                    >
                      <a
                        href="../../registrationapp/editSection.page?patientId=107&sectionId=contactInfo&appId=referenceapplication.registrationapp.registerPatient"
                      >
                        Edit
                      </a>
                    </small>
                  </div>
                </div>,
              ],
              "className": "name",
            },
            "ref": null,
            "rendered": Array [
              Object {
                "instance": null,
                "key": undefined,
                "nodeType": "host",
                "props": Object {
                  "children": Array [
                    <span
                      className="PersonName-givenName"
                    >
                      Larrystone
                        
                    </span>,
                    <em>
                      Given
                    </em>,
                  ],
                },
                "ref": null,
                "rendered": Array [
                  Object {
                    "instance": null,
                    "key": undefined,
                    "nodeType": "host",
                    "props": Object {
                      "children": Array [
                        "Larrystone",
                        "  ",
                      ],
                      "className": "PersonName-givenName",
                    },
                    "ref": null,
                    "rendered": Array [
                      "Larrystone",
                      "  ",
                    ],
                    "type": "span",
                  },
                  Object {
                    "instance": null,
                    "key": undefined,
                    "nodeType": "host",
                    "props": Object {
                      "children": "Given",
                    },
                    "ref": null,
                    "rendered": "Given",
                    "type": "em",
                  },
                ],
                "type": "span",
              },
              Object {
                "instance": null,
                "key": undefined,
                "nodeType": "host",
                "props": Object {
                  "children": Array [
                    <span
                      className="PersonName-middleName"
                    >
                      Katz
                        
                    </span>,
                    <em>
                      Middle
                    </em>,
                  ],
                },
                "ref": null,
                "rendered": Array [
                  Object {
                    "instance": null,
                    "key": undefined,
                    "nodeType": "host",
                    "props": Object {
                      "children": Array [
                        "Katz",
                        "  ",
                      ],
                      "className": "PersonName-middleName",
                    },
                    "ref": null,
                    "rendered": Array [
                      "Katz",
                      "  ",
                    ],
                    "type": "span",
                  },
                  Object {
                    "instance": null,
                    "key": undefined,
                    "nodeType": "host",
                    "props": Object {
                      "children": "Middle",
                    },
                    "ref": null,
                    "rendered": "Middle",
                    "type": "em",
                  },
                ],
                "type": "span",
              },
              Object {
                "instance": null,
                "key": undefined,
                "nodeType": "host",
                "props": Object {
                  "children": Array [
                    <span
                      className="PersonName-familyName"
                    >
                      Larrystone
                    </span>,
                    <em>
                      Family Name
                    </em>,
                  ],
                },
                "ref": null,
                "rendered": Array [
                  Object {
                    "instance": null,
                    "key": undefined,
                    "nodeType": "host",
                    "props": Object {
                      "children": "Larrystone",
                      "className": "PersonName-familyName",
                    },
                    "ref": null,
                    "rendered": "Larrystone",
                    "type": "span",
                  },
                  Object {
                    "instance": null,
                    "key": undefined,
                    "nodeType": "host",
                    "props": Object {
                      "children": "Family Name",
                    },
                    "ref": null,
                    "rendered": "Family Name",
                    "type": "em",
                  },
                ],
                "type": "span",
              },
              " ",
              Object {
                "instance": null,
                "key": undefined,
                "nodeType": "host",
                "props": Object {
                  "children": Array [
                    <span>
                      Male
                       
                    </span>,
                    <span>
                      19
                       year(s) (
                      Invalid Date
                      )
                    </span>,
                    <span
                      className="edit-info"
                      id="edit-patient-demographics"
                    >
                      <small>
                        <a
                          href="../../registrationapp/editSection.page?patientId=107&sectionId=demographics&appId=referenceapplication.registrationapp.registerPatient"
                        >
                          Edit
                        </a>
                      </small>
                    </span>,
                    <a
                      className="contact-info-label expanded"
                      id="patient-header-contactInfo"
                      onClick={[Function]}
                      role="button"
                      tabIndex="0"
                    >
                      <span>
                        Hide Contact Info 
                        <i
                          className="toggle-icon icon-caret-up small"
                        />
                      </span>
                    </a>,
                  ],
                  "className": "gender-age",
                },
                "ref": null,
                "rendered": Array [
                  Object {
                    "instance": null,
                    "key": undefined,
                    "nodeType": "host",
                    "props": Object {
                      "children": Array [
                        "Male",
                        " ",
                      ],
                    },
                    "ref": null,
                    "rendered": Array [
                      "Male",
                      " ",
                    ],
                    "type": "span",
                  },
                  Object {
                    "instance": null,
                    "key": undefined,
                    "nodeType": "host",
                    "props": Object {
                      "children": Array [
                        "19",
                        " year(s) (",
                        "Invalid Date",
                        ")",
                      ],
                    },
                    "ref": null,
                    "rendered": Array [
                      "19",
                      " year(s) (",
                      "Invalid Date",
                      ")",
                    ],
                    "type": "span",
                  },
                  Object {
                    "instance": null,
                    "key": undefined,
                    "nodeType": "host",
                    "props": Object {
                      "children": <small>
                        <a
                          href="../../registrationapp/editSection.page?patientId=107&sectionId=demographics&appId=referenceapplication.registrationapp.registerPatient"
                        >
                          Edit
                        </a>
                      </small>,
                      "className": "edit-info",
                      "id": "edit-patient-demographics",
                    },
                    "ref": null,
                    "rendered": Object {
                      "instance": null,
                      "key": undefined,
                      "nodeType": "host",
                      "props": Object {
                        "children": <a
                          href="../../registrationapp/editSection.page?patientId=107&sectionId=demographics&appId=referenceapplication.registrationapp.registerPatient"
                        >
                          Edit
                        </a>,
                      },
                      "ref": null,
                      "rendered": Object {
                        "instance": null,
                        "key": undefined,
                        "nodeType": "host",
                        "props": Object {
                          "children": "Edit",
                          "href": "../../registrationapp/editSection.page?patientId=107&sectionId=demographics&appId=referenceapplication.registrationapp.registerPatient",
                        },
                        "ref": null,
                        "rendered": "Edit",
                        "type": "a",
                      },
                      "type": "small",
                    },
                    "type": "span",
                  },
                  Object {
                    "instance": null,
                    "key": undefined,
                    "nodeType": "host",
                    "props": Object {
                      "children": <span>
                        Hide Contact Info 
                        <i
                          className="toggle-icon icon-caret-up small"
                        />
                      </span>,
                      "className": "contact-info-label expanded",
                      "id": "patient-header-contactInfo",
                      "onClick": [Function],
                      "role": "button",
                      "tabIndex": "0",
                    },
                    "ref": null,
                    "rendered": Object {
                      "instance": null,
                      "key": undefined,
                      "nodeType": "host",
                      "props": Object {
                        "children": Array [
                          "Hide Contact Info ",
                          <i
                            className="toggle-icon icon-caret-up small"
                          />,
                        ],
                      },
                      "ref": null,
                      "rendered": Array [
                        "Hide Contact Info ",
                        Object {
                          "instance": null,
                          "key": undefined,
                          "nodeType": "host",
                          "props": Object {
                            "className": "toggle-icon icon-caret-up small",
                          },
                          "ref": null,
                          "rendered": null,
                          "type": "i",
                        },
                      ],
                      "type": "span",
                    },
                    "type": "a",
                  },
                ],
                "type": "span",
              },
              Object {
                "instance": null,
                "key": undefined,
                "nodeType": "host",
                "props": Object {
                  "className": "firstLineFragments",
                },
                "ref": null,
                "rendered": null,
                "type": "div",
              },
              Object {
                "instance": null,
                "key": undefined,
                "nodeType": "host",
                "props": Object {
                  "children": <div
                    className="contact-info-inline"
                  >
                    <span>
                      My Address
                      <em>
                        Address
                      </em>
                    </span>
                    <span
                      className="left-margin"
                    >
                      <span
                        id="coreapps-telephoneNumber"
                      >
                        0801000000
                      </span>
                      <em>
                        Telephone Number
                      </em>
                    </span>
                      
                    <small
                      className="edit-info"
                      id="contact-info-inline-edit"
                    >
                      <a
                        href="../../registrationapp/editSection.page?patientId=107&sectionId=contactInfo&appId=referenceapplication.registrationapp.registerPatient"
                      >
                        Edit
                      </a>
                    </small>
                  </div>,
                  "className": "",
                  "id": "contactInfoContent",
                },
                "ref": null,
                "rendered": Object {
                  "instance": null,
                  "key": undefined,
                  "nodeType": "host",
                  "props": Object {
                    "children": Array [
                      <span>
                        My Address
                        <em>
                          Address
                        </em>
                      </span>,
                      <span
                        className="left-margin"
                      >
                        <span
                          id="coreapps-telephoneNumber"
                        >
                          0801000000
                        </span>
                        <em>
                          Telephone Number
                        </em>
                      </span>,
                      "  ",
                      <small
                        className="edit-info"
                        id="contact-info-inline-edit"
                      >
                        <a
                          href="../../registrationapp/editSection.page?patientId=107&sectionId=contactInfo&appId=referenceapplication.registrationapp.registerPatient"
                        >
                          Edit
                        </a>
                      </small>,
                    ],
                    "className": "contact-info-inline",
                  },
                  "ref": null,
                  "rendered": Array [
                    Object {
                      "instance": null,
                      "key": undefined,
                      "nodeType": "host",
                      "props": Object {
                        "children": Array [
                          "My Address",
                          <em>
                            Address
                          </em>,
                        ],
                      },
                      "ref": null,
                      "rendered": Array [
                        "My Address",
                        Object {
                          "instance": null,
                          "key": undefined,
                          "nodeType": "host",
                          "props": Object {
                            "children": "Address",
                          },
                          "ref": null,
                          "rendered": "Address",
                          "type": "em",
                        },
                      ],
                      "type": "span",
                    },
                    Object {
                      "instance": null,
                      "key": undefined,
                      "nodeType": "host",
                      "props": Object {
                        "children": Array [
                          <span
                            id="coreapps-telephoneNumber"
                          >
                            0801000000
                          </span>,
                          <em>
                            Telephone Number
                          </em>,
                        ],
                        "className": "left-margin",
                      },
                      "ref": null,
                      "rendered": Array [
                        Object {
                          "instance": null,
                          "key": undefined,
                          "nodeType": "host",
                          "props": Object {
                            "children": "0801000000",
                            "id": "coreapps-telephoneNumber",
                          },
                          "ref": null,
                          "rendered": "0801000000",
                          "type": "span",
                        },
                        Object {
                          "instance": null,
                          "key": undefined,
                          "nodeType": "host",
                          "props": Object {
                            "children": "Telephone Number",
                          },
                          "ref": null,
                          "rendered": "Telephone Number",
                          "type": "em",
                        },
                      ],
                      "type": "span",
                    },
                    "  ",
                    Object {
                      "instance": null,
                      "key": undefined,
                      "nodeType": "host",
                      "props": Object {
                        "children": <a
                          href="../../registrationapp/editSection.page?patientId=107&sectionId=contactInfo&appId=referenceapplication.registrationapp.registerPatient"
                        >
                          Edit
                        </a>,
                        "className": "edit-info",
                        "id": "contact-info-inline-edit",
                      },
                      "ref": null,
                      "rendered": Object {
                        "instance": null,
                        "key": undefined,
                        "nodeType": "host",
                        "props": Object {
                          "children": "Edit",
                          "href": "../../registrationapp/editSection.page?patientId=107&sectionId=contactInfo&appId=referenceapplication.registrationapp.registerPatient",
                        },
                        "ref": null,
                        "rendered": "Edit",
                        "type": "a",
                      },
                      "type": "small",
                    },
                  ],
                  "type": "div",
                },
                "type": "div",
              },
            ],
            "type": "h1",
          },
          "type": "div",
        },
        Object {
          "instance": null,
          "key": undefined,
          "nodeType": "host",
          "props": Object {
            "children": Array [
              <em>
                Patient ID
              </em>,
              <span>
                2001A
              </span>,
              <br />,
            ],
            "className": "identifiers",
          },
          "ref": null,
          "rendered": Array [
            Object {
              "instance": null,
              "key": undefined,
              "nodeType": "host",
              "props": Object {
                "children": "Patient ID",
              },
              "ref": null,
              "rendered": "Patient ID",
              "type": "em",
            },
            Object {
              "instance": null,
              "key": undefined,
              "nodeType": "host",
              "props": Object {
                "children": "2001A",
              },
              "ref": null,
              "rendered": "2001A",
              "type": "span",
            },
            Object {
              "instance": null,
              "key": undefined,
              "nodeType": "host",
              "props": Object {},
              "ref": null,
              "rendered": null,
              "type": "br",
            },
          ],
          "type": "div",
        },
        Object {
          "instance": null,
          "key": undefined,
          "nodeType": "host",
          "props": Object {
            "children": <div
              className="clickToEditObs ng-scope"
            >
              <div
                className="firstLine"
              >
                <span
                  className="note-wrapper"
                >
                  <span>
                    <pre
                      className="preformatted-note"
                    >
                      Healthy guy
                    </pre>
                  </span>
                </span>
              </div>
              <div
                className="details secondLine"
              >
                <span
                  className="created-by"
                >
                  admin
                </span>
                 
                <span
                  className="created-date"
                >
                  less than 5 seconds ago
                </span>
              </div>
            </div>,
            "className": "secondLineFragments",
          },
          "ref": null,
          "rendered": Object {
            "instance": null,
            "key": undefined,
            "nodeType": "host",
            "props": Object {
              "children": Array [
                <div
                  className="firstLine"
                >
                  <span
                    className="note-wrapper"
                  >
                    <span>
                      <pre
                        className="preformatted-note"
                      >
                        Healthy guy
                      </pre>
                    </span>
                  </span>
                </div>,
                <div
                  className="details secondLine"
                >
                  <span
                    className="created-by"
                  >
                    admin
                  </span>
                   
                  <span
                    className="created-date"
                  >
                    less than 5 seconds ago
                  </span>
                </div>,
              ],
              "className": "clickToEditObs ng-scope",
            },
            "ref": null,
            "rendered": Array [
              Object {
                "instance": null,
                "key": undefined,
                "nodeType": "host",
                "props": Object {
                  "children": <span
                    className="note-wrapper"
                  >
                    <span>
                      <pre
                        className="preformatted-note"
                      >
                        Healthy guy
                      </pre>
                    </span>
                  </span>,
                  "className": "firstLine",
                },
                "ref": null,
                "rendered": Object {
                  "instance": null,
                  "key": undefined,
                  "nodeType": "host",
                  "props": Object {
                    "children": <span>
                      <pre
                        className="preformatted-note"
                      >
                        Healthy guy
                      </pre>
                    </span>,
                    "className": "note-wrapper",
                  },
                  "ref": null,
                  "rendered": Object {
                    "instance": null,
                    "key": undefined,
                    "nodeType": "host",
                    "props": Object {
                      "children": <pre
                        className="preformatted-note"
                      >
                        Healthy guy
                      </pre>,
                    },
                    "ref": null,
                    "rendered": Object {
                      "instance": null,
                      "key": undefined,
                      "nodeType": "host",
                      "props": Object {
                        "children": "Healthy guy",
                        "className": "preformatted-note",
                      },
                      "ref": null,
                      "rendered": "Healthy guy",
                      "type": "pre",
                    },
                    "type": "span",
                  },
                  "type": "span",
                },
                "type": "div",
              },
              Object {
                "instance": null,
                "key": undefined,
                "nodeType": "host",
                "props": Object {
                  "children": Array [
                    <span
                      className="created-by"
                    >
                      admin
                    </span>,
                    " ",
                    <span
                      className="created-date"
                    >
                      less than 5 seconds ago
                    </span>,
                  ],
                  "className": "details secondLine",
                },
                "ref": null,
                "rendered": Array [
                  Object {
                    "instance": null,
                    "key": undefined,
                    "nodeType": "host",
                    "props": Object {
                      "children": "admin",
                      "className": "created-by",
                    },
                    "ref": null,
                    "rendered": "admin",
                    "type": "span",
                  },
                  " ",
                  Object {
                    "instance": null,
                    "key": undefined,
                    "nodeType": "host",
                    "props": Object {
                      "children": "less than 5 seconds ago",
                      "className": "created-date",
                    },
                    "ref": null,
                    "rendered": "less than 5 seconds ago",
                    "type": "span",
                  },
                ],
                "type": "div",
              },
            ],
            "type": "div",
          },
          "type": "div",
        },
      ],
      "type": "div",
    },
  ],
  Symbol(enzyme.__options__): Object {
    "adapter": ReactSixteenAdapter {
      "options": Object {
        "enableComponentDidUpdateOnSetState": true,
      },
    },
  },
}
`;
