// Jest Snapshot v1, https://goo.gl/fbAQLP

exports[`Test for Searching and Adding an order should render component 1`] = `
ShallowWrapper {
  "length": 1,
  Symbol(enzyme.__root__): [Circular],
  Symbol(enzyme.__unrendered__): <SearchAndAddOrder />,
  Symbol(enzyme.__renderer__): Object {
    "batchedUpdates": [Function],
    "getNode": [Function],
    "render": [Function],
    "simulateEvent": [Function],
    "unmount": [Function],
  },
  Symbol(enzyme.__node__): Object {
    "instance": null,
    "key": undefined,
    "nodeType": "host",
    "props": Object {
      "children": <div
        className="row"
      >
        <br />
        <div
          className="col-lg-10 col-md-10 col-sm-10 col-sm-offset-1 col-md-offset-1 col-lg-offset-1"
        >
          <ul
            className="nav nav-tabs"
          >
            <li
              className="active"
            >
              <a
                data-toggle="tab"
                href="#out-tab"
              >
                Outpatient
              </a>
            </li>
            <li>
              <a
                data-toggle="tab"
                href="#in-tab"
              >
                Inpatient
              </a>
            </li>
          </ul>
          <br />
          <div
            className="tab-content"
          >
            <div
              className="tab-pane fade"
              id="in-tab"
            >
              <form
                className="form-horizontal"
              >
                <div
                  className="row"
                >
                  <div
                    className="col-lg-12 col-md-12 col-sm-12"
                  >
                    <div
                      className="form-group text-left"
                    >
                      <label
                        className="control-label col-lg-2 col-md-3 col-sm-3"
                        htmlFor="search"
                      >
                        New order for:
                      </label>
                      <div
                        className="col-lg-9 col-md-9 col-sm-9"
                      >
                        <input
                          className="form-control"
                          id="search"
                          type="text"
                        />
                      </div>
                    </div>
                  </div>
                </div>
              </form>
              <ActiveOrders />
              <PastOrders />
            </div>
            <div
              className="tab-pane fade in active"
              id="out-tab"
            >
              <form
                className="form-horizontal"
              >
                <div
                  className="row"
                >
                  <div
                    className="col-lg-12 col-md-12 col-sm-12"
                  >
                    <div
                      className="form-group"
                    >
                      <label
                        className="control-label col-lg-2 col-md-2 col-sm-2"
                        htmlFor="search2"
                      >
                        New order for:
                      </label>
                      <div
                        className="col-lg-9 col-md-9 col-sm-9"
                      >
                        <input
                          className="form-control"
                          id="search2"
                          type="text"
                        />
                      </div>
                    </div>
                  </div>
                </div>
              </form>
              <AddForm />
              <ActiveOrders />
              <PastOrders />
            </div>
          </div>
        </div>
        <br />
      </div>,
      "className": "body-wrapper",
    },
    "ref": null,
    "rendered": Object {
      "instance": null,
      "key": undefined,
      "nodeType": "host",
      "props": Object {
        "children": Array [
          <br />,
          <div
            className="col-lg-10 col-md-10 col-sm-10 col-sm-offset-1 col-md-offset-1 col-lg-offset-1"
          >
            <ul
              className="nav nav-tabs"
            >
              <li
                className="active"
              >
                <a
                  data-toggle="tab"
                  href="#out-tab"
                >
                  Outpatient
                </a>
              </li>
              <li>
                <a
                  data-toggle="tab"
                  href="#in-tab"
                >
                  Inpatient
                </a>
              </li>
            </ul>
            <br />
            <div
              className="tab-content"
            >
              <div
                className="tab-pane fade"
                id="in-tab"
              >
                <form
                  className="form-horizontal"
                >
                  <div
                    className="row"
                  >
                    <div
                      className="col-lg-12 col-md-12 col-sm-12"
                    >
                      <div
                        className="form-group text-left"
                      >
                        <label
                          className="control-label col-lg-2 col-md-3 col-sm-3"
                          htmlFor="search"
                        >
                          New order for:
                        </label>
                        <div
                          className="col-lg-9 col-md-9 col-sm-9"
                        >
                          <input
                            className="form-control"
                            id="search"
                            type="text"
                          />
                        </div>
                      </div>
                    </div>
                  </div>
                </form>
                <ActiveOrders />
                <PastOrders />
              </div>
              <div
                className="tab-pane fade in active"
                id="out-tab"
              >
                <form
                  className="form-horizontal"
                >
                  <div
                    className="row"
                  >
                    <div
                      className="col-lg-12 col-md-12 col-sm-12"
                    >
                      <div
                        className="form-group"
                      >
                        <label
                          className="control-label col-lg-2 col-md-2 col-sm-2"
                          htmlFor="search2"
                        >
                          New order for:
                        </label>
                        <div
                          className="col-lg-9 col-md-9 col-sm-9"
                        >
                          <input
                            className="form-control"
                            id="search2"
                            type="text"
                          />
                        </div>
                      </div>
                    </div>
                  </div>
                </form>
                <AddForm />
                <ActiveOrders />
                <PastOrders />
              </div>
            </div>
          </div>,
          <br />,
        ],
        "className": "row",
      },
      "ref": null,
      "rendered": Array [
        Object {
          "instance": null,
          "key": undefined,
          "nodeType": "host",
          "props": Object {},
          "ref": null,
          "rendered": null,
          "type": "br",
        },
        Object {
          "instance": null,
          "key": undefined,
          "nodeType": "host",
          "props": Object {
            "children": Array [
              <ul
                className="nav nav-tabs"
              >
                <li
                  className="active"
                >
                  <a
                    data-toggle="tab"
                    href="#out-tab"
                  >
                    Outpatient
                  </a>
                </li>
                <li>
                  <a
                    data-toggle="tab"
                    href="#in-tab"
                  >
                    Inpatient
                  </a>
                </li>
              </ul>,
              <br />,
              <div
                className="tab-content"
              >
                <div
                  className="tab-pane fade"
                  id="in-tab"
                >
                  <form
                    className="form-horizontal"
                  >
                    <div
                      className="row"
                    >
                      <div
                        className="col-lg-12 col-md-12 col-sm-12"
                      >
                        <div
                          className="form-group text-left"
                        >
                          <label
                            className="control-label col-lg-2 col-md-3 col-sm-3"
                            htmlFor="search"
                          >
                            New order for:
                          </label>
                          <div
                            className="col-lg-9 col-md-9 col-sm-9"
                          >
                            <input
                              className="form-control"
                              id="search"
                              type="text"
                            />
                          </div>
                        </div>
                      </div>
                    </div>
                  </form>
                  <ActiveOrders />
                  <PastOrders />
                </div>
                <div
                  className="tab-pane fade in active"
                  id="out-tab"
                >
                  <form
                    className="form-horizontal"
                  >
                    <div
                      className="row"
                    >
                      <div
                        className="col-lg-12 col-md-12 col-sm-12"
                      >
                        <div
                          className="form-group"
                        >
                          <label
                            className="control-label col-lg-2 col-md-2 col-sm-2"
                            htmlFor="search2"
                          >
                            New order for:
                          </label>
                          <div
                            className="col-lg-9 col-md-9 col-sm-9"
                          >
                            <input
                              className="form-control"
                              id="search2"
                              type="text"
                            />
                          </div>
                        </div>
                      </div>
                    </div>
                  </form>
                  <AddForm />
                  <ActiveOrders />
                  <PastOrders />
                </div>
              </div>,
            ],
            "className": "col-lg-10 col-md-10 col-sm-10 col-sm-offset-1 col-md-offset-1 col-lg-offset-1",
          },
          "ref": null,
          "rendered": Array [
            Object {
              "instance": null,
              "key": undefined,
              "nodeType": "host",
              "props": Object {
                "children": Array [
                  <li
                    className="active"
                  >
                    <a
                      data-toggle="tab"
                      href="#out-tab"
                    >
                      Outpatient
                    </a>
                  </li>,
                  <li>
                    <a
                      data-toggle="tab"
                      href="#in-tab"
                    >
                      Inpatient
                    </a>
                  </li>,
                ],
                "className": "nav nav-tabs",
              },
              "ref": null,
              "rendered": Array [
                Object {
                  "instance": null,
                  "key": undefined,
                  "nodeType": "host",
                  "props": Object {
                    "children": <a
                      data-toggle="tab"
                      href="#out-tab"
                    >
                      Outpatient
                    </a>,
                    "className": "active",
                  },
                  "ref": null,
                  "rendered": Object {
                    "instance": null,
                    "key": undefined,
                    "nodeType": "host",
                    "props": Object {
                      "children": "Outpatient",
                      "data-toggle": "tab",
                      "href": "#out-tab",
                    },
                    "ref": null,
                    "rendered": "Outpatient",
                    "type": "a",
                  },
                  "type": "li",
                },
                Object {
                  "instance": null,
                  "key": undefined,
                  "nodeType": "host",
                  "props": Object {
                    "children": <a
                      data-toggle="tab"
                      href="#in-tab"
                    >
                      Inpatient
                    </a>,
                  },
                  "ref": null,
                  "rendered": Object {
                    "instance": null,
                    "key": undefined,
                    "nodeType": "host",
                    "props": Object {
                      "children": "Inpatient",
                      "data-toggle": "tab",
                      "href": "#in-tab",
                    },
                    "ref": null,
                    "rendered": "Inpatient",
                    "type": "a",
                  },
                  "type": "li",
                },
              ],
              "type": "ul",
            },
            Object {
              "instance": null,
              "key": undefined,
              "nodeType": "host",
              "props": Object {},
              "ref": null,
              "rendered": null,
              "type": "br",
            },
            Object {
              "instance": null,
              "key": undefined,
              "nodeType": "host",
              "props": Object {
                "children": Array [
                  <div
                    className="tab-pane fade"
                    id="in-tab"
                  >
                    <form
                      className="form-horizontal"
                    >
                      <div
                        className="row"
                      >
                        <div
                          className="col-lg-12 col-md-12 col-sm-12"
                        >
                          <div
                            className="form-group text-left"
                          >
                            <label
                              className="control-label col-lg-2 col-md-3 col-sm-3"
                              htmlFor="search"
                            >
                              New order for:
                            </label>
                            <div
                              className="col-lg-9 col-md-9 col-sm-9"
                            >
                              <input
                                className="form-control"
                                id="search"
                                type="text"
                              />
                            </div>
                          </div>
                        </div>
                      </div>
                    </form>
                    <ActiveOrders />
                    <PastOrders />
                  </div>,
                  <div
                    className="tab-pane fade in active"
                    id="out-tab"
                  >
                    <form
                      className="form-horizontal"
                    >
                      <div
                        className="row"
                      >
                        <div
                          className="col-lg-12 col-md-12 col-sm-12"
                        >
                          <div
                            className="form-group"
                          >
                            <label
                              className="control-label col-lg-2 col-md-2 col-sm-2"
                              htmlFor="search2"
                            >
                              New order for:
                            </label>
                            <div
                              className="col-lg-9 col-md-9 col-sm-9"
                            >
                              <input
                                className="form-control"
                                id="search2"
                                type="text"
                              />
                            </div>
                          </div>
                        </div>
                      </div>
                    </form>
                    <AddForm />
                    <ActiveOrders />
                    <PastOrders />
                  </div>,
                ],
                "className": "tab-content",
              },
              "ref": null,
              "rendered": Array [
                Object {
                  "instance": null,
                  "key": undefined,
                  "nodeType": "host",
                  "props": Object {
                    "children": Array [
                      <form
                        className="form-horizontal"
                      >
                        <div
                          className="row"
                        >
                          <div
                            className="col-lg-12 col-md-12 col-sm-12"
                          >
                            <div
                              className="form-group text-left"
                            >
                              <label
                                className="control-label col-lg-2 col-md-3 col-sm-3"
                                htmlFor="search"
                              >
                                New order for:
                              </label>
                              <div
                                className="col-lg-9 col-md-9 col-sm-9"
                              >
                                <input
                                  className="form-control"
                                  id="search"
                                  type="text"
                                />
                              </div>
                            </div>
                          </div>
                        </div>
                      </form>,
                      <ActiveOrders />,
                      <PastOrders />,
                    ],
                    "className": "tab-pane fade",
                    "id": "in-tab",
                  },
                  "ref": null,
                  "rendered": Array [
                    Object {
                      "instance": null,
                      "key": undefined,
                      "nodeType": "host",
                      "props": Object {
                        "children": <div
                          className="row"
                        >
                          <div
                            className="col-lg-12 col-md-12 col-sm-12"
                          >
                            <div
                              className="form-group text-left"
                            >
                              <label
                                className="control-label col-lg-2 col-md-3 col-sm-3"
                                htmlFor="search"
                              >
                                New order for:
                              </label>
                              <div
                                className="col-lg-9 col-md-9 col-sm-9"
                              >
                                <input
                                  className="form-control"
                                  id="search"
                                  type="text"
                                />
                              </div>
                            </div>
                          </div>
                        </div>,
                        "className": "form-horizontal",
                      },
                      "ref": null,
                      "rendered": Object {
                        "instance": null,
                        "key": undefined,
                        "nodeType": "host",
                        "props": Object {
                          "children": <div
                            className="col-lg-12 col-md-12 col-sm-12"
                          >
                            <div
                              className="form-group text-left"
                            >
                              <label
                                className="control-label col-lg-2 col-md-3 col-sm-3"
                                htmlFor="search"
                              >
                                New order for:
                              </label>
                              <div
                                className="col-lg-9 col-md-9 col-sm-9"
                              >
                                <input
                                  className="form-control"
                                  id="search"
                                  type="text"
                                />
                              </div>
                            </div>
                          </div>,
                          "className": "row",
                        },
                        "ref": null,
                        "rendered": Object {
                          "instance": null,
                          "key": undefined,
                          "nodeType": "host",
                          "props": Object {
                            "children": <div
                              className="form-group text-left"
                            >
                              <label
                                className="control-label col-lg-2 col-md-3 col-sm-3"
                                htmlFor="search"
                              >
                                New order for:
                              </label>
                              <div
                                className="col-lg-9 col-md-9 col-sm-9"
                              >
                                <input
                                  className="form-control"
                                  id="search"
                                  type="text"
                                />
                              </div>
                            </div>,
                            "className": "col-lg-12 col-md-12 col-sm-12",
                          },
                          "ref": null,
                          "rendered": Object {
                            "instance": null,
                            "key": undefined,
                            "nodeType": "host",
                            "props": Object {
                              "children": Array [
                                <label
                                  className="control-label col-lg-2 col-md-3 col-sm-3"
                                  htmlFor="search"
                                >
                                  New order for:
                                </label>,
                                <div
                                  className="col-lg-9 col-md-9 col-sm-9"
                                >
                                  <input
                                    className="form-control"
                                    id="search"
                                    type="text"
                                  />
                                </div>,
                              ],
                              "className": "form-group text-left",
                            },
                            "ref": null,
                            "rendered": Array [
                              Object {
                                "instance": null,
                                "key": undefined,
                                "nodeType": "host",
                                "props": Object {
                                  "children": "New order for:",
                                  "className": "control-label col-lg-2 col-md-3 col-sm-3",
                                  "htmlFor": "search",
                                },
                                "ref": null,
                                "rendered": "New order for:",
                                "type": "label",
                              },
                              Object {
                                "instance": null,
                                "key": undefined,
                                "nodeType": "host",
                                "props": Object {
                                  "children": <input
                                    className="form-control"
                                    id="search"
                                    type="text"
                                  />,
                                  "className": "col-lg-9 col-md-9 col-sm-9",
                                },
                                "ref": null,
                                "rendered": Object {
                                  "instance": null,
                                  "key": undefined,
                                  "nodeType": "host",
                                  "props": Object {
                                    "className": "form-control",
                                    "id": "search",
                                    "type": "text",
                                  },
                                  "ref": null,
                                  "rendered": null,
                                  "type": "input",
                                },
                                "type": "div",
                              },
                            ],
                            "type": "div",
                          },
                          "type": "div",
                        },
                        "type": "div",
                      },
                      "type": "form",
                    },
                    Object {
                      "instance": null,
                      "key": undefined,
                      "nodeType": "class",
                      "props": Object {},
                      "ref": null,
                      "rendered": null,
                      "type": [Function],
                    },
                    Object {
                      "instance": null,
                      "key": undefined,
                      "nodeType": "class",
                      "props": Object {},
                      "ref": null,
                      "rendered": null,
                      "type": [Function],
                    },
                  ],
                  "type": "div",
                },
                Object {
                  "instance": null,
                  "key": undefined,
                  "nodeType": "host",
                  "props": Object {
                    "children": Array [
                      <form
                        className="form-horizontal"
                      >
                        <div
                          className="row"
                        >
                          <div
                            className="col-lg-12 col-md-12 col-sm-12"
                          >
                            <div
                              className="form-group"
                            >
                              <label
                                className="control-label col-lg-2 col-md-2 col-sm-2"
                                htmlFor="search2"
                              >
                                New order for:
                              </label>
                              <div
                                className="col-lg-9 col-md-9 col-sm-9"
                              >
                                <input
                                  className="form-control"
                                  id="search2"
                                  type="text"
                                />
                              </div>
                            </div>
                          </div>
                        </div>
                      </form>,
                      <AddForm />,
                      <ActiveOrders />,
                      <PastOrders />,
                    ],
                    "className": "tab-pane fade in active",
                    "id": "out-tab",
                  },
                  "ref": null,
                  "rendered": Array [
                    Object {
                      "instance": null,
                      "key": undefined,
                      "nodeType": "host",
                      "props": Object {
                        "children": <div
                          className="row"
                        >
                          <div
                            className="col-lg-12 col-md-12 col-sm-12"
                          >
                            <div
                              className="form-group"
                            >
                              <label
                                className="control-label col-lg-2 col-md-2 col-sm-2"
                                htmlFor="search2"
                              >
                                New order for:
                              </label>
                              <div
                                className="col-lg-9 col-md-9 col-sm-9"
                              >
                                <input
                                  className="form-control"
                                  id="search2"
                                  type="text"
                                />
                              </div>
                            </div>
                          </div>
                        </div>,
                        "className": "form-horizontal",
                      },
                      "ref": null,
                      "rendered": Object {
                        "instance": null,
                        "key": undefined,
                        "nodeType": "host",
                        "props": Object {
                          "children": <div
                            className="col-lg-12 col-md-12 col-sm-12"
                          >
                            <div
                              className="form-group"
                            >
                              <label
                                className="control-label col-lg-2 col-md-2 col-sm-2"
                                htmlFor="search2"
                              >
                                New order for:
                              </label>
                              <div
                                className="col-lg-9 col-md-9 col-sm-9"
                              >
                                <input
                                  className="form-control"
                                  id="search2"
                                  type="text"
                                />
                              </div>
                            </div>
                          </div>,
                          "className": "row",
                        },
                        "ref": null,
                        "rendered": Object {
                          "instance": null,
                          "key": undefined,
                          "nodeType": "host",
                          "props": Object {
                            "children": <div
                              className="form-group"
                            >
                              <label
                                className="control-label col-lg-2 col-md-2 col-sm-2"
                                htmlFor="search2"
                              >
                                New order for:
                              </label>
                              <div
                                className="col-lg-9 col-md-9 col-sm-9"
                              >
                                <input
                                  className="form-control"
                                  id="search2"
                                  type="text"
                                />
                              </div>
                            </div>,
                            "className": "col-lg-12 col-md-12 col-sm-12",
                          },
                          "ref": null,
                          "rendered": Object {
                            "instance": null,
                            "key": undefined,
                            "nodeType": "host",
                            "props": Object {
                              "children": Array [
                                <label
                                  className="control-label col-lg-2 col-md-2 col-sm-2"
                                  htmlFor="search2"
                                >
                                  New order for:
                                </label>,
                                <div
                                  className="col-lg-9 col-md-9 col-sm-9"
                                >
                                  <input
                                    className="form-control"
                                    id="search2"
                                    type="text"
                                  />
                                </div>,
                              ],
                              "className": "form-group",
                            },
                            "ref": null,
                            "rendered": Array [
                              Object {
                                "instance": null,
                                "key": undefined,
                                "nodeType": "host",
                                "props": Object {
                                  "children": "New order for:",
                                  "className": "control-label col-lg-2 col-md-2 col-sm-2",
                                  "htmlFor": "search2",
                                },
                                "ref": null,
                                "rendered": "New order for:",
                                "type": "label",
                              },
                              Object {
                                "instance": null,
                                "key": undefined,
                                "nodeType": "host",
                                "props": Object {
                                  "children": <input
                                    className="form-control"
                                    id="search2"
                                    type="text"
                                  />,
                                  "className": "col-lg-9 col-md-9 col-sm-9",
                                },
                                "ref": null,
                                "rendered": Object {
                                  "instance": null,
                                  "key": undefined,
                                  "nodeType": "host",
                                  "props": Object {
                                    "className": "form-control",
                                    "id": "search2",
                                    "type": "text",
                                  },
                                  "ref": null,
                                  "rendered": null,
                                  "type": "input",
                                },
                                "type": "div",
                              },
                            ],
                            "type": "div",
                          },
                          "type": "div",
                        },
                        "type": "div",
                      },
                      "type": "form",
                    },
                    Object {
                      "instance": null,
                      "key": undefined,
                      "nodeType": "class",
                      "props": Object {},
                      "ref": null,
                      "rendered": null,
                      "type": [Function],
                    },
                    Object {
                      "instance": null,
                      "key": undefined,
                      "nodeType": "class",
                      "props": Object {},
                      "ref": null,
                      "rendered": null,
                      "type": [Function],
                    },
                    Object {
                      "instance": null,
                      "key": undefined,
                      "nodeType": "class",
                      "props": Object {},
                      "ref": null,
                      "rendered": null,
                      "type": [Function],
                    },
                  ],
                  "type": "div",
                },
              ],
              "type": "div",
            },
          ],
          "type": "div",
        },
        Object {
          "instance": null,
          "key": undefined,
          "nodeType": "host",
          "props": Object {},
          "ref": null,
          "rendered": null,
          "type": "br",
        },
      ],
      "type": "div",
    },
    "type": "div",
  },
  Symbol(enzyme.__nodes__): Array [
    Object {
      "instance": null,
      "key": undefined,
      "nodeType": "host",
      "props": Object {
        "children": <div
          className="row"
        >
          <br />
          <div
            className="col-lg-10 col-md-10 col-sm-10 col-sm-offset-1 col-md-offset-1 col-lg-offset-1"
          >
            <ul
              className="nav nav-tabs"
            >
              <li
                className="active"
              >
                <a
                  data-toggle="tab"
                  href="#out-tab"
                >
                  Outpatient
                </a>
              </li>
              <li>
                <a
                  data-toggle="tab"
                  href="#in-tab"
                >
                  Inpatient
                </a>
              </li>
            </ul>
            <br />
            <div
              className="tab-content"
            >
              <div
                className="tab-pane fade"
                id="in-tab"
              >
                <form
                  className="form-horizontal"
                >
                  <div
                    className="row"
                  >
                    <div
                      className="col-lg-12 col-md-12 col-sm-12"
                    >
                      <div
                        className="form-group text-left"
                      >
                        <label
                          className="control-label col-lg-2 col-md-3 col-sm-3"
                          htmlFor="search"
                        >
                          New order for:
                        </label>
                        <div
                          className="col-lg-9 col-md-9 col-sm-9"
                        >
                          <input
                            className="form-control"
                            id="search"
                            type="text"
                          />
                        </div>
                      </div>
                    </div>
                  </div>
                </form>
                <ActiveOrders />
                <PastOrders />
              </div>
              <div
                className="tab-pane fade in active"
                id="out-tab"
              >
                <form
                  className="form-horizontal"
                >
                  <div
                    className="row"
                  >
                    <div
                      className="col-lg-12 col-md-12 col-sm-12"
                    >
                      <div
                        className="form-group"
                      >
                        <label
                          className="control-label col-lg-2 col-md-2 col-sm-2"
                          htmlFor="search2"
                        >
                          New order for:
                        </label>
                        <div
                          className="col-lg-9 col-md-9 col-sm-9"
                        >
                          <input
                            className="form-control"
                            id="search2"
                            type="text"
                          />
                        </div>
                      </div>
                    </div>
                  </div>
                </form>
                <AddForm />
                <ActiveOrders />
                <PastOrders />
              </div>
            </div>
          </div>
          <br />
        </div>,
        "className": "body-wrapper",
      },
      "ref": null,
      "rendered": Object {
        "instance": null,
        "key": undefined,
        "nodeType": "host",
        "props": Object {
          "children": Array [
            <br />,
            <div
              className="col-lg-10 col-md-10 col-sm-10 col-sm-offset-1 col-md-offset-1 col-lg-offset-1"
            >
              <ul
                className="nav nav-tabs"
              >
                <li
                  className="active"
                >
                  <a
                    data-toggle="tab"
                    href="#out-tab"
                  >
                    Outpatient
                  </a>
                </li>
                <li>
                  <a
                    data-toggle="tab"
                    href="#in-tab"
                  >
                    Inpatient
                  </a>
                </li>
              </ul>
              <br />
              <div
                className="tab-content"
              >
                <div
                  className="tab-pane fade"
                  id="in-tab"
                >
                  <form
                    className="form-horizontal"
                  >
                    <div
                      className="row"
                    >
                      <div
                        className="col-lg-12 col-md-12 col-sm-12"
                      >
                        <div
                          className="form-group text-left"
                        >
                          <label
                            className="control-label col-lg-2 col-md-3 col-sm-3"
                            htmlFor="search"
                          >
                            New order for:
                          </label>
                          <div
                            className="col-lg-9 col-md-9 col-sm-9"
                          >
                            <input
                              className="form-control"
                              id="search"
                              type="text"
                            />
                          </div>
                        </div>
                      </div>
                    </div>
                  </form>
                  <ActiveOrders />
                  <PastOrders />
                </div>
                <div
                  className="tab-pane fade in active"
                  id="out-tab"
                >
                  <form
                    className="form-horizontal"
                  >
                    <div
                      className="row"
                    >
                      <div
                        className="col-lg-12 col-md-12 col-sm-12"
                      >
                        <div
                          className="form-group"
                        >
                          <label
                            className="control-label col-lg-2 col-md-2 col-sm-2"
                            htmlFor="search2"
                          >
                            New order for:
                          </label>
                          <div
                            className="col-lg-9 col-md-9 col-sm-9"
                          >
                            <input
                              className="form-control"
                              id="search2"
                              type="text"
                            />
                          </div>
                        </div>
                      </div>
                    </div>
                  </form>
                  <AddForm />
                  <ActiveOrders />
                  <PastOrders />
                </div>
              </div>
            </div>,
            <br />,
          ],
          "className": "row",
        },
        "ref": null,
        "rendered": Array [
          Object {
            "instance": null,
            "key": undefined,
            "nodeType": "host",
            "props": Object {},
            "ref": null,
            "rendered": null,
            "type": "br",
          },
          Object {
            "instance": null,
            "key": undefined,
            "nodeType": "host",
            "props": Object {
              "children": Array [
                <ul
                  className="nav nav-tabs"
                >
                  <li
                    className="active"
                  >
                    <a
                      data-toggle="tab"
                      href="#out-tab"
                    >
                      Outpatient
                    </a>
                  </li>
                  <li>
                    <a
                      data-toggle="tab"
                      href="#in-tab"
                    >
                      Inpatient
                    </a>
                  </li>
                </ul>,
                <br />,
                <div
                  className="tab-content"
                >
                  <div
                    className="tab-pane fade"
                    id="in-tab"
                  >
                    <form
                      className="form-horizontal"
                    >
                      <div
                        className="row"
                      >
                        <div
                          className="col-lg-12 col-md-12 col-sm-12"
                        >
                          <div
                            className="form-group text-left"
                          >
                            <label
                              className="control-label col-lg-2 col-md-3 col-sm-3"
                              htmlFor="search"
                            >
                              New order for:
                            </label>
                            <div
                              className="col-lg-9 col-md-9 col-sm-9"
                            >
                              <input
                                className="form-control"
                                id="search"
                                type="text"
                              />
                            </div>
                          </div>
                        </div>
                      </div>
                    </form>
                    <ActiveOrders />
                    <PastOrders />
                  </div>
                  <div
                    className="tab-pane fade in active"
                    id="out-tab"
                  >
                    <form
                      className="form-horizontal"
                    >
                      <div
                        className="row"
                      >
                        <div
                          className="col-lg-12 col-md-12 col-sm-12"
                        >
                          <div
                            className="form-group"
                          >
                            <label
                              className="control-label col-lg-2 col-md-2 col-sm-2"
                              htmlFor="search2"
                            >
                              New order for:
                            </label>
                            <div
                              className="col-lg-9 col-md-9 col-sm-9"
                            >
                              <input
                                className="form-control"
                                id="search2"
                                type="text"
                              />
                            </div>
                          </div>
                        </div>
                      </div>
                    </form>
                    <AddForm />
                    <ActiveOrders />
                    <PastOrders />
                  </div>
                </div>,
              ],
              "className": "col-lg-10 col-md-10 col-sm-10 col-sm-offset-1 col-md-offset-1 col-lg-offset-1",
            },
            "ref": null,
            "rendered": Array [
              Object {
                "instance": null,
                "key": undefined,
                "nodeType": "host",
                "props": Object {
                  "children": Array [
                    <li
                      className="active"
                    >
                      <a
                        data-toggle="tab"
                        href="#out-tab"
                      >
                        Outpatient
                      </a>
                    </li>,
                    <li>
                      <a
                        data-toggle="tab"
                        href="#in-tab"
                      >
                        Inpatient
                      </a>
                    </li>,
                  ],
                  "className": "nav nav-tabs",
                },
                "ref": null,
                "rendered": Array [
                  Object {
                    "instance": null,
                    "key": undefined,
                    "nodeType": "host",
                    "props": Object {
                      "children": <a
                        data-toggle="tab"
                        href="#out-tab"
                      >
                        Outpatient
                      </a>,
                      "className": "active",
                    },
                    "ref": null,
                    "rendered": Object {
                      "instance": null,
                      "key": undefined,
                      "nodeType": "host",
                      "props": Object {
                        "children": "Outpatient",
                        "data-toggle": "tab",
                        "href": "#out-tab",
                      },
                      "ref": null,
                      "rendered": "Outpatient",
                      "type": "a",
                    },
                    "type": "li",
                  },
                  Object {
                    "instance": null,
                    "key": undefined,
                    "nodeType": "host",
                    "props": Object {
                      "children": <a
                        data-toggle="tab"
                        href="#in-tab"
                      >
                        Inpatient
                      </a>,
                    },
                    "ref": null,
                    "rendered": Object {
                      "instance": null,
                      "key": undefined,
                      "nodeType": "host",
                      "props": Object {
                        "children": "Inpatient",
                        "data-toggle": "tab",
                        "href": "#in-tab",
                      },
                      "ref": null,
                      "rendered": "Inpatient",
                      "type": "a",
                    },
                    "type": "li",
                  },
                ],
                "type": "ul",
              },
              Object {
                "instance": null,
                "key": undefined,
                "nodeType": "host",
                "props": Object {},
                "ref": null,
                "rendered": null,
                "type": "br",
              },
              Object {
                "instance": null,
                "key": undefined,
                "nodeType": "host",
                "props": Object {
                  "children": Array [
                    <div
                      className="tab-pane fade"
                      id="in-tab"
                    >
                      <form
                        className="form-horizontal"
                      >
                        <div
                          className="row"
                        >
                          <div
                            className="col-lg-12 col-md-12 col-sm-12"
                          >
                            <div
                              className="form-group text-left"
                            >
                              <label
                                className="control-label col-lg-2 col-md-3 col-sm-3"
                                htmlFor="search"
                              >
                                New order for:
                              </label>
                              <div
                                className="col-lg-9 col-md-9 col-sm-9"
                              >
                                <input
                                  className="form-control"
                                  id="search"
                                  type="text"
                                />
                              </div>
                            </div>
                          </div>
                        </div>
                      </form>
                      <ActiveOrders />
                      <PastOrders />
                    </div>,
                    <div
                      className="tab-pane fade in active"
                      id="out-tab"
                    >
                      <form
                        className="form-horizontal"
                      >
                        <div
                          className="row"
                        >
                          <div
                            className="col-lg-12 col-md-12 col-sm-12"
                          >
                            <div
                              className="form-group"
                            >
                              <label
                                className="control-label col-lg-2 col-md-2 col-sm-2"
                                htmlFor="search2"
                              >
                                New order for:
                              </label>
                              <div
                                className="col-lg-9 col-md-9 col-sm-9"
                              >
                                <input
                                  className="form-control"
                                  id="search2"
                                  type="text"
                                />
                              </div>
                            </div>
                          </div>
                        </div>
                      </form>
                      <AddForm />
                      <ActiveOrders />
                      <PastOrders />
                    </div>,
                  ],
                  "className": "tab-content",
                },
                "ref": null,
                "rendered": Array [
                  Object {
                    "instance": null,
                    "key": undefined,
                    "nodeType": "host",
                    "props": Object {
                      "children": Array [
                        <form
                          className="form-horizontal"
                        >
                          <div
                            className="row"
                          >
                            <div
                              className="col-lg-12 col-md-12 col-sm-12"
                            >
                              <div
                                className="form-group text-left"
                              >
                                <label
                                  className="control-label col-lg-2 col-md-3 col-sm-3"
                                  htmlFor="search"
                                >
                                  New order for:
                                </label>
                                <div
                                  className="col-lg-9 col-md-9 col-sm-9"
                                >
                                  <input
                                    className="form-control"
                                    id="search"
                                    type="text"
                                  />
                                </div>
                              </div>
                            </div>
                          </div>
                        </form>,
                        <ActiveOrders />,
                        <PastOrders />,
                      ],
                      "className": "tab-pane fade",
                      "id": "in-tab",
                    },
                    "ref": null,
                    "rendered": Array [
                      Object {
                        "instance": null,
                        "key": undefined,
                        "nodeType": "host",
                        "props": Object {
                          "children": <div
                            className="row"
                          >
                            <div
                              className="col-lg-12 col-md-12 col-sm-12"
                            >
                              <div
                                className="form-group text-left"
                              >
                                <label
                                  className="control-label col-lg-2 col-md-3 col-sm-3"
                                  htmlFor="search"
                                >
                                  New order for:
                                </label>
                                <div
                                  className="col-lg-9 col-md-9 col-sm-9"
                                >
                                  <input
                                    className="form-control"
                                    id="search"
                                    type="text"
                                  />
                                </div>
                              </div>
                            </div>
                          </div>,
                          "className": "form-horizontal",
                        },
                        "ref": null,
                        "rendered": Object {
                          "instance": null,
                          "key": undefined,
                          "nodeType": "host",
                          "props": Object {
                            "children": <div
                              className="col-lg-12 col-md-12 col-sm-12"
                            >
                              <div
                                className="form-group text-left"
                              >
                                <label
                                  className="control-label col-lg-2 col-md-3 col-sm-3"
                                  htmlFor="search"
                                >
                                  New order for:
                                </label>
                                <div
                                  className="col-lg-9 col-md-9 col-sm-9"
                                >
                                  <input
                                    className="form-control"
                                    id="search"
                                    type="text"
                                  />
                                </div>
                              </div>
                            </div>,
                            "className": "row",
                          },
                          "ref": null,
                          "rendered": Object {
                            "instance": null,
                            "key": undefined,
                            "nodeType": "host",
                            "props": Object {
                              "children": <div
                                className="form-group text-left"
                              >
                                <label
                                  className="control-label col-lg-2 col-md-3 col-sm-3"
                                  htmlFor="search"
                                >
                                  New order for:
                                </label>
                                <div
                                  className="col-lg-9 col-md-9 col-sm-9"
                                >
                                  <input
                                    className="form-control"
                                    id="search"
                                    type="text"
                                  />
                                </div>
                              </div>,
                              "className": "col-lg-12 col-md-12 col-sm-12",
                            },
                            "ref": null,
                            "rendered": Object {
                              "instance": null,
                              "key": undefined,
                              "nodeType": "host",
                              "props": Object {
                                "children": Array [
                                  <label
                                    className="control-label col-lg-2 col-md-3 col-sm-3"
                                    htmlFor="search"
                                  >
                                    New order for:
                                  </label>,
                                  <div
                                    className="col-lg-9 col-md-9 col-sm-9"
                                  >
                                    <input
                                      className="form-control"
                                      id="search"
                                      type="text"
                                    />
                                  </div>,
                                ],
                                "className": "form-group text-left",
                              },
                              "ref": null,
                              "rendered": Array [
                                Object {
                                  "instance": null,
                                  "key": undefined,
                                  "nodeType": "host",
                                  "props": Object {
                                    "children": "New order for:",
                                    "className": "control-label col-lg-2 col-md-3 col-sm-3",
                                    "htmlFor": "search",
                                  },
                                  "ref": null,
                                  "rendered": "New order for:",
                                  "type": "label",
                                },
                                Object {
                                  "instance": null,
                                  "key": undefined,
                                  "nodeType": "host",
                                  "props": Object {
                                    "children": <input
                                      className="form-control"
                                      id="search"
                                      type="text"
                                    />,
                                    "className": "col-lg-9 col-md-9 col-sm-9",
                                  },
                                  "ref": null,
                                  "rendered": Object {
                                    "instance": null,
                                    "key": undefined,
                                    "nodeType": "host",
                                    "props": Object {
                                      "className": "form-control",
                                      "id": "search",
                                      "type": "text",
                                    },
                                    "ref": null,
                                    "rendered": null,
                                    "type": "input",
                                  },
                                  "type": "div",
                                },
                              ],
                              "type": "div",
                            },
                            "type": "div",
                          },
                          "type": "div",
                        },
                        "type": "form",
                      },
                      Object {
                        "instance": null,
                        "key": undefined,
                        "nodeType": "class",
                        "props": Object {},
                        "ref": null,
                        "rendered": null,
                        "type": [Function],
                      },
                      Object {
                        "instance": null,
                        "key": undefined,
                        "nodeType": "class",
                        "props": Object {},
                        "ref": null,
                        "rendered": null,
                        "type": [Function],
                      },
                    ],
                    "type": "div",
                  },
                  Object {
                    "instance": null,
                    "key": undefined,
                    "nodeType": "host",
                    "props": Object {
                      "children": Array [
                        <form
                          className="form-horizontal"
                        >
                          <div
                            className="row"
                          >
                            <div
                              className="col-lg-12 col-md-12 col-sm-12"
                            >
                              <div
                                className="form-group"
                              >
                                <label
                                  className="control-label col-lg-2 col-md-2 col-sm-2"
                                  htmlFor="search2"
                                >
                                  New order for:
                                </label>
                                <div
                                  className="col-lg-9 col-md-9 col-sm-9"
                                >
                                  <input
                                    className="form-control"
                                    id="search2"
                                    type="text"
                                  />
                                </div>
                              </div>
                            </div>
                          </div>
                        </form>,
                        <AddForm />,
                        <ActiveOrders />,
                        <PastOrders />,
                      ],
                      "className": "tab-pane fade in active",
                      "id": "out-tab",
                    },
                    "ref": null,
                    "rendered": Array [
                      Object {
                        "instance": null,
                        "key": undefined,
                        "nodeType": "host",
                        "props": Object {
                          "children": <div
                            className="row"
                          >
                            <div
                              className="col-lg-12 col-md-12 col-sm-12"
                            >
                              <div
                                className="form-group"
                              >
                                <label
                                  className="control-label col-lg-2 col-md-2 col-sm-2"
                                  htmlFor="search2"
                                >
                                  New order for:
                                </label>
                                <div
                                  className="col-lg-9 col-md-9 col-sm-9"
                                >
                                  <input
                                    className="form-control"
                                    id="search2"
                                    type="text"
                                  />
                                </div>
                              </div>
                            </div>
                          </div>,
                          "className": "form-horizontal",
                        },
                        "ref": null,
                        "rendered": Object {
                          "instance": null,
                          "key": undefined,
                          "nodeType": "host",
                          "props": Object {
                            "children": <div
                              className="col-lg-12 col-md-12 col-sm-12"
                            >
                              <div
                                className="form-group"
                              >
                                <label
                                  className="control-label col-lg-2 col-md-2 col-sm-2"
                                  htmlFor="search2"
                                >
                                  New order for:
                                </label>
                                <div
                                  className="col-lg-9 col-md-9 col-sm-9"
                                >
                                  <input
                                    className="form-control"
                                    id="search2"
                                    type="text"
                                  />
                                </div>
                              </div>
                            </div>,
                            "className": "row",
                          },
                          "ref": null,
                          "rendered": Object {
                            "instance": null,
                            "key": undefined,
                            "nodeType": "host",
                            "props": Object {
                              "children": <div
                                className="form-group"
                              >
                                <label
                                  className="control-label col-lg-2 col-md-2 col-sm-2"
                                  htmlFor="search2"
                                >
                                  New order for:
                                </label>
                                <div
                                  className="col-lg-9 col-md-9 col-sm-9"
                                >
                                  <input
                                    className="form-control"
                                    id="search2"
                                    type="text"
                                  />
                                </div>
                              </div>,
                              "className": "col-lg-12 col-md-12 col-sm-12",
                            },
                            "ref": null,
                            "rendered": Object {
                              "instance": null,
                              "key": undefined,
                              "nodeType": "host",
                              "props": Object {
                                "children": Array [
                                  <label
                                    className="control-label col-lg-2 col-md-2 col-sm-2"
                                    htmlFor="search2"
                                  >
                                    New order for:
                                  </label>,
                                  <div
                                    className="col-lg-9 col-md-9 col-sm-9"
                                  >
                                    <input
                                      className="form-control"
                                      id="search2"
                                      type="text"
                                    />
                                  </div>,
                                ],
                                "className": "form-group",
                              },
                              "ref": null,
                              "rendered": Array [
                                Object {
                                  "instance": null,
                                  "key": undefined,
                                  "nodeType": "host",
                                  "props": Object {
                                    "children": "New order for:",
                                    "className": "control-label col-lg-2 col-md-2 col-sm-2",
                                    "htmlFor": "search2",
                                  },
                                  "ref": null,
                                  "rendered": "New order for:",
                                  "type": "label",
                                },
                                Object {
                                  "instance": null,
                                  "key": undefined,
                                  "nodeType": "host",
                                  "props": Object {
                                    "children": <input
                                      className="form-control"
                                      id="search2"
                                      type="text"
                                    />,
                                    "className": "col-lg-9 col-md-9 col-sm-9",
                                  },
                                  "ref": null,
                                  "rendered": Object {
                                    "instance": null,
                                    "key": undefined,
                                    "nodeType": "host",
                                    "props": Object {
                                      "className": "form-control",
                                      "id": "search2",
                                      "type": "text",
                                    },
                                    "ref": null,
                                    "rendered": null,
                                    "type": "input",
                                  },
                                  "type": "div",
                                },
                              ],
                              "type": "div",
                            },
                            "type": "div",
                          },
                          "type": "div",
                        },
                        "type": "form",
                      },
                      Object {
                        "instance": null,
                        "key": undefined,
                        "nodeType": "class",
                        "props": Object {},
                        "ref": null,
                        "rendered": null,
                        "type": [Function],
                      },
                      Object {
                        "instance": null,
                        "key": undefined,
                        "nodeType": "class",
                        "props": Object {},
                        "ref": null,
                        "rendered": null,
                        "type": [Function],
                      },
                      Object {
                        "instance": null,
                        "key": undefined,
                        "nodeType": "class",
                        "props": Object {},
                        "ref": null,
                        "rendered": null,
                        "type": [Function],
                      },
                    ],
                    "type": "div",
                  },
                ],
                "type": "div",
              },
            ],
            "type": "div",
          },
          Object {
            "instance": null,
            "key": undefined,
            "nodeType": "host",
            "props": Object {},
            "ref": null,
            "rendered": null,
            "type": "br",
          },
        ],
        "type": "div",
      },
      "type": "div",
    },
  ],
  Symbol(enzyme.__options__): Object {
    "adapter": ReactSixteenAdapter {
      "options": Object {
        "enableComponentDidUpdateOnSetState": true,
      },
    },
  },
}
`;
