// Jest Snapshot v1, https://goo.gl/fbAQLP

exports[`Test for Searching and Adding an order should render component 1`] = `
ShallowWrapper {
  "length": 1,
  Symbol(enzyme.__root__): [Circular],
  Symbol(enzyme.__unrendered__): <SearchAndAddOrder />,
  Symbol(enzyme.__renderer__): Object {
    "batchedUpdates": [Function],
    "getNode": [Function],
    "render": [Function],
    "simulateEvent": [Function],
    "unmount": [Function],
  },
  Symbol(enzyme.__node__): Object {
    "instance": null,
    "key": undefined,
    "nodeType": "host",
    "props": Object {
      "children": <Tabs
        careSetting={[Function]}
        defaultActiveTabIndex={0}
      >
        <Tab
          isActive={false}
          onClick={[Function]}
          tabIndex={0}
          tabName="OutPatient"
        >
          <form
            className="sized-inputs css-form"
            noValidate={true}
          >
            <p
              className="input-position-class"
            >
              <label
                name="input-id"
              >
                Input label
              </label>
              <input
                id="input-id"
              />
            </p>
          </form>
        </Tab>
        <Tab
          isActive={false}
          onClick={[Function]}
          tabIndex={0}
          tabName="InPatient"
        >
          Tab 2 content
        </Tab>
      </Tabs>,
    },
    "ref": null,
    "rendered": Object {
      "instance": null,
      "key": undefined,
      "nodeType": "class",
      "props": Object {
        "careSetting": [Function],
        "children": Array [
          <Tab
            isActive={false}
            onClick={[Function]}
            tabIndex={0}
            tabName="OutPatient"
          >
            <form
              className="sized-inputs css-form"
              noValidate={true}
            >
              <p
                className="input-position-class"
              >
                <label
                  name="input-id"
                >
                  Input label
                </label>
                <input
                  id="input-id"
                />
              </p>
            </form>
          </Tab>,
          <Tab
            isActive={false}
            onClick={[Function]}
            tabIndex={0}
            tabName="InPatient"
          >
            Tab 2 content
          </Tab>,
        ],
        "defaultActiveTabIndex": 0,
      },
      "ref": null,
      "rendered": Array [
        Object {
          "instance": null,
          "key": undefined,
          "nodeType": "function",
          "props": Object {
            "children": <form
              className="sized-inputs css-form"
              noValidate={true}
            >
              <p
                className="input-position-class"
              >
                <label
                  name="input-id"
                >
                  Input label
                </label>
                <input
                  id="input-id"
                />
              </p>
            </form>,
            "isActive": false,
            "onClick": [Function],
            "tabIndex": 0,
            "tabName": "OutPatient",
          },
          "ref": null,
          "rendered": Object {
            "instance": null,
            "key": undefined,
            "nodeType": "host",
            "props": Object {
              "children": <p
                className="input-position-class"
              >
                <label
                  name="input-id"
                >
                  Input label
                </label>
                <input
                  id="input-id"
                />
              </p>,
              "className": "sized-inputs css-form",
              "noValidate": true,
            },
            "ref": null,
            "rendered": Object {
              "instance": null,
              "key": undefined,
              "nodeType": "host",
              "props": Object {
                "children": Array [
                  <label
                    name="input-id"
                  >
                    Input label
                  </label>,
                  <input
                    id="input-id"
                  />,
                ],
                "className": "input-position-class",
              },
              "ref": null,
              "rendered": Array [
                Object {
                  "instance": null,
                  "key": undefined,
                  "nodeType": "host",
                  "props": Object {
                    "children": "Input label",
                    "name": "input-id",
                  },
                  "ref": null,
                  "rendered": "Input label",
                  "type": "label",
                },
                Object {
                  "instance": null,
                  "key": undefined,
                  "nodeType": "host",
                  "props": Object {
                    "id": "input-id",
                  },
                  "ref": null,
                  "rendered": null,
                  "type": "input",
                },
              ],
              "type": "p",
            },
            "type": "form",
          },
          "type": [Function],
        },
        Object {
          "instance": null,
          "key": undefined,
          "nodeType": "function",
          "props": Object {
            "children": "Tab 2 content",
            "isActive": false,
            "onClick": [Function],
            "tabIndex": 0,
            "tabName": "InPatient",
          },
          "ref": null,
          "rendered": "Tab 2 content",
          "type": [Function],
        },
      ],
      "type": [Function],
    },
    "type": "div",
  },
  Symbol(enzyme.__nodes__): Array [
    Object {
      "instance": null,
      "key": undefined,
      "nodeType": "host",
      "props": Object {
        "children": <Tabs
          careSetting={[Function]}
          defaultActiveTabIndex={0}
        >
          <Tab
            isActive={false}
            onClick={[Function]}
            tabIndex={0}
            tabName="OutPatient"
          >
            <form
              className="sized-inputs css-form"
              noValidate={true}
            >
              <p
                className="input-position-class"
              >
                <label
                  name="input-id"
                >
                  Input label
                </label>
                <input
                  id="input-id"
                />
              </p>
            </form>
          </Tab>
          <Tab
            isActive={false}
            onClick={[Function]}
            tabIndex={0}
            tabName="InPatient"
          >
            Tab 2 content
          </Tab>
        </Tabs>,
      },
      "ref": null,
      "rendered": Object {
        "instance": null,
        "key": undefined,
        "nodeType": "class",
        "props": Object {
          "careSetting": [Function],
          "children": Array [
            <Tab
              isActive={false}
              onClick={[Function]}
              tabIndex={0}
              tabName="OutPatient"
            >
              <form
                className="sized-inputs css-form"
                noValidate={true}
              >
                <p
                  className="input-position-class"
                >
                  <label
                    name="input-id"
                  >
                    Input label
                  </label>
                  <input
                    id="input-id"
                  />
                </p>
              </form>
            </Tab>,
            <Tab
              isActive={false}
              onClick={[Function]}
              tabIndex={0}
              tabName="InPatient"
            >
              Tab 2 content
            </Tab>,
          ],
          "defaultActiveTabIndex": 0,
        },
        "ref": null,
        "rendered": Array [
          Object {
            "instance": null,
            "key": undefined,
            "nodeType": "function",
            "props": Object {
              "children": <form
                className="sized-inputs css-form"
                noValidate={true}
              >
                <p
                  className="input-position-class"
                >
                  <label
                    name="input-id"
                  >
                    Input label
                  </label>
                  <input
                    id="input-id"
                  />
                </p>
              </form>,
              "isActive": false,
              "onClick": [Function],
              "tabIndex": 0,
              "tabName": "OutPatient",
            },
            "ref": null,
            "rendered": Object {
              "instance": null,
              "key": undefined,
              "nodeType": "host",
              "props": Object {
                "children": <p
                  className="input-position-class"
                >
                  <label
                    name="input-id"
                  >
                    Input label
                  </label>
                  <input
                    id="input-id"
                  />
                </p>,
                "className": "sized-inputs css-form",
                "noValidate": true,
              },
              "ref": null,
              "rendered": Object {
                "instance": null,
                "key": undefined,
                "nodeType": "host",
                "props": Object {
                  "children": Array [
                    <label
                      name="input-id"
                    >
                      Input label
                    </label>,
                    <input
                      id="input-id"
                    />,
                  ],
                  "className": "input-position-class",
                },
                "ref": null,
                "rendered": Array [
                  Object {
                    "instance": null,
                    "key": undefined,
                    "nodeType": "host",
                    "props": Object {
                      "children": "Input label",
                      "name": "input-id",
                    },
                    "ref": null,
                    "rendered": "Input label",
                    "type": "label",
                  },
                  Object {
                    "instance": null,
                    "key": undefined,
                    "nodeType": "host",
                    "props": Object {
                      "id": "input-id",
                    },
                    "ref": null,
                    "rendered": null,
                    "type": "input",
                  },
                ],
                "type": "p",
              },
              "type": "form",
            },
            "type": [Function],
          },
          Object {
            "instance": null,
            "key": undefined,
            "nodeType": "function",
            "props": Object {
              "children": "Tab 2 content",
              "isActive": false,
              "onClick": [Function],
              "tabIndex": 0,
              "tabName": "InPatient",
            },
            "ref": null,
            "rendered": "Tab 2 content",
            "type": [Function],
          },
        ],
        "type": [Function],
      },
      "type": "div",
    },
  ],
  Symbol(enzyme.__options__): Object {
    "adapter": ReactSixteenAdapter {
      "options": Object {
        "enableComponentDidUpdateOnSetState": true,
      },
    },
  },
}
`;
