// Jest Snapshot v1, https://goo.gl/fbAQLP

exports[`\`Tabs\` component should render without crashing 1`] = `
ShallowWrapper {
  "length": 1,
  Symbol(enzyme.__root__): [Circular],
  Symbol(enzyme.__unrendered__): <Tabs
    defaultActiveTabIndex={0}
  >
    <p>
      hello
    </p>
  </Tabs>,
  Symbol(enzyme.__renderer__): Object {
    "batchedUpdates": [Function],
    "getNode": [Function],
    "render": [Function],
    "simulateEvent": [Function],
    "unmount": [Function],
  },
  Symbol(enzyme.__node__): Object {
    "instance": null,
    "key": undefined,
    "nodeType": "host",
    "props": Object {
      "children": Array [
        <ul
          className="ui-tabs-nav ui-helper-reset ui-helper-clearfix ui-widget-header ui-corner-all"
          role="tablist"
        >
          <p
            isActive={true}
            onClick={[Function]}
            tabIndex={0}
          >
            hello
          </p>
        </ul>,
        <div
          className="ui-tabs-panel ui-widget-content ui-corner-bottom"
        />,
      ],
      "className": "ui-tabs",
    },
    "ref": null,
    "rendered": Array [
      Object {
        "instance": null,
        "key": undefined,
        "nodeType": "host",
        "props": Object {
          "children": Array [
            <p
              isActive={true}
              onClick={[Function]}
              tabIndex={0}
            >
              hello
            </p>,
          ],
          "className": "ui-tabs-nav ui-helper-reset ui-helper-clearfix ui-widget-header ui-corner-all",
          "role": "tablist",
        },
        "ref": null,
        "rendered": Array [
          Object {
            "instance": null,
            "key": ".0",
            "nodeType": "host",
            "props": Object {
              "children": "hello",
              "isActive": true,
              "onClick": [Function],
              "tabIndex": 0,
            },
            "ref": null,
            "rendered": "hello",
            "type": "p",
          },
        ],
        "type": "ul",
      },
      Object {
        "instance": null,
        "key": undefined,
        "nodeType": "host",
        "props": Object {
          "children": undefined,
          "className": "ui-tabs-panel ui-widget-content ui-corner-bottom",
        },
        "ref": null,
        "rendered": null,
        "type": "div",
      },
    ],
    "type": "div",
  },
  Symbol(enzyme.__nodes__): Array [
    Object {
      "instance": null,
      "key": undefined,
      "nodeType": "host",
      "props": Object {
        "children": Array [
          <ul
            className="ui-tabs-nav ui-helper-reset ui-helper-clearfix ui-widget-header ui-corner-all"
            role="tablist"
          >
            <p
              isActive={true}
              onClick={[Function]}
              tabIndex={0}
            >
              hello
            </p>
          </ul>,
          <div
            className="ui-tabs-panel ui-widget-content ui-corner-bottom"
          />,
        ],
        "className": "ui-tabs",
      },
      "ref": null,
      "rendered": Array [
        Object {
          "instance": null,
          "key": undefined,
          "nodeType": "host",
          "props": Object {
            "children": Array [
              <p
                isActive={true}
                onClick={[Function]}
                tabIndex={0}
              >
                hello
              </p>,
            ],
            "className": "ui-tabs-nav ui-helper-reset ui-helper-clearfix ui-widget-header ui-corner-all",
            "role": "tablist",
          },
          "ref": null,
          "rendered": Array [
            Object {
              "instance": null,
              "key": ".0",
              "nodeType": "host",
              "props": Object {
                "children": "hello",
                "isActive": true,
                "onClick": [Function],
                "tabIndex": 0,
              },
              "ref": null,
              "rendered": "hello",
              "type": "p",
            },
          ],
          "type": "ul",
        },
        Object {
          "instance": null,
          "key": undefined,
          "nodeType": "host",
          "props": Object {
            "children": undefined,
            "className": "ui-tabs-panel ui-widget-content ui-corner-bottom",
          },
          "ref": null,
          "rendered": null,
          "type": "div",
        },
      ],
      "type": "div",
    },
  ],
  Symbol(enzyme.__options__): Object {
    "adapter": ReactSixteenAdapter {
      "options": Object {
        "enableComponentDidUpdateOnSetState": true,
      },
    },
  },
}
`;
