// Jest Snapshot v1, https://goo.gl/fbAQLP

exports[`\`Tabs\` component should render without crashing 1`] = `
<div
  className="ui-tabs"
>
  <ul
    className="ui-tabs-nav ui-helper-reset ui-helper-clearfix ui-widget-header ui-corner-all"
    role="tablist"
  >
    <p
      isActive={true}
      key=".0"
      onClick={[Function]}
      tabIndex={0}
    >
      hello
    </p>
  </ul>
  <div
    className="ui-tabs-panel ui-widget-content ui-corner-bottom"
  />
</div>
`;
