// Jest Snapshot v1, https://goo.gl/fbAQLP

exports[`Component: LabEntryForm should render on initial setup 1`] = `
<LabEntryForm
  conceptsAsPanels={Array []}
  conceptsAsTests={Array []}
  createLabOrder={[MockFunction]}
  createLabOrderReducer={
    Object {
      "labOrderData": Object {},
      "status": Object {
        "added": true,
        "error": false,
      },
    }
  }
  dateFormat="DD-MM-YYYY HH:mm"
  defaultTests={
    Array [
      Object {
        "display": "Hemoglobin",
        "uuid": "12746hfgjff",
      },
      Object {
        "display": "Hematocrit",
        "uuid": "12746hfgjff",
      },
      Object {
        "display": "blood",
        "uuid": "12746hfgjff",
      },
    ]
  }
  deleteDraftLabOrderFromStore={[Function]}
  dispatch={
    [MockFunction] {
      "calls": Array [
        Array [
          Object {
            "payload": Promise {},
            "type": "FETCH_LAB_ORDERS",
          },
        ],
        Array [
          Object {
            "payload": Promise {},
            "type": "FETCH_LAB_CONCEPTS",
          },
        ],
      ],
    }
  }
  draftLabOrders={
    Array [
      Object {
        "display": "Hemoglobin",
        "uuid": "12746hfgjff",
      },
      Object {
        "display": "Hematocrit",
        "uuid": "12746hfgjff",
      },
      Object {
        "display": "blood",
        "uuid": "12746hfgjff",
      },
    ]
  }
  encounterRole={
    Object {
      "uuid": "1234trrrrr",
    }
  }
  encounterType={
    Object {
      "uuid": "fhhfgfh9998",
    }
  }
  fetchLabOrders={[MockFunction]}
  getLabOrderables="buo434873euhwiqeroq"
  inpatientCareSetting={
    Object {
      "uuid": "ifffy9847464",
    }
  }
  labOrders={
    Object {
      "results": Array [
        Object {
          "concept": Object {
            "display": "Hemoglobin blood test",
          },
          "dateActivated": "2018-08-27T10:23:22.228Z",
          "uuid": "1",
        },
      ],
    }
  }
  orderables={
    Array [
      Object {
        "concept": "12746hfgjff",
        "display": "Hemoglobin",
        "uuid": "ifffy9847464",
      },
      Object {
        "concept": "12746hfgjff",
        "display": "Hematocrit",
        "uuid": "iewue7wyu64",
      },
      Object {
        "concept": "12746hfgjff",
        "display": "blood",
        "uuid": "iuweihiYWGD64",
      },
    ]
  }
  patient={
    Object {
      "uuid": "jfgfhfgf",
    }
  }
  selectedLabPanels={
    Array [
      Object {
        "concept": "6e5f5436-b56f-4c7d-9580-095588024d77",
        "id": 1,
        "labCategory": 1,
        "name": "Hemogram",
        "tests": Array [
          Object {
            "concept": "6e5f5436-b56f-4c7d-9580-095588024d77",
            "id": 1,
            "test": "Hemoglobin",
            "urgency": "routine",
          },
          Object {
            "concept": "6e5f5436-b56f-4c7d-9580-095588024d77",
            "id": 3,
            "test": "blood",
            "urgency": "routine",
          },
          Object {
            "concept": "6e5f5436-b56f-4c7d-9580-095588024d77",
            "id": 6,
            "test": "prothrombin",
            "urgency": "routine",
          },
        ],
        "urgency": "routine",
      },
    ]
  }
  selectedTests={
    Array [
      Object {
        "display": "Hemoglobin",
        "uuid": "12746hfgjff",
      },
      Object {
        "display": "Hematocrit",
        "uuid": "12746hfgjff",
      },
      Object {
        "display": "blood",
        "uuid": "12746hfgjff",
      },
    ]
  }
  session={
    Object {
      "currentProvider": Object {
        "uuid": "jfhfhiu77474",
      },
    }
  }
  standAloneTests={Array []}
>
  <div
    className="lab-order-entry"
  >
    <h5>
      New Lab Order
    </h5>
    <br />
    <div
      className="lab-form-wrapper"
    >
      <div
        className="lab-category"
      >
        <ul>
          <li
            key="0"
          >
            <a
              className="active-category"
              href="#"
              id="category-button"
              onClick={[Function]}
            >
              Hemoglobin
            </a>
          </li>
          <li
            key="1"
          >
            <a
              className=""
              href="#"
              id="category-button"
              onClick={[Function]}
            >
              Hematocrit
            </a>
          </li>
          <li
            key="2"
          >
            <a
              className=""
              href="#"
              id="category-button"
              onClick={[Function]}
            >
              blood
            </a>
          </li>
        </ul>
        <div
          className="draft-lab-wrapper"
        >
          <LabDraftOrder
            draftLabOrders={
              Array [
                Object {
                  "display": "Hemoglobin",
                  "uuid": "12746hfgjff",
                },
                Object {
                  "display": "Hematocrit",
                  "uuid": "12746hfgjff",
                },
                Object {
                  "display": "blood",
                  "uuid": "12746hfgjff",
                },
              ]
            }
            handleDraftDiscard={[Function]}
            handleSubmit={[Function]}
            panelTests={Array []}
            toggleDraftLabOrdersUgency={[Function]}
          >
            <div
              className="draft-spacing draft-lab-layout"
            >
              <h5
                className="h5-draft-header"
              >
                Unsaved Draft Orders (
                3
                )
              </h5>
              <div
                className="table-container"
              >
                <ul
                  className="draft-list-container"
                >
                  <li
                    className="draft-list small-font"
                    key="0"
                  >
                    <span
                      className="draft-name"
                    >
                      hemoglobin
                    </span>
                    <div
                      className="action-btn-wrapper"
                    >
                      <span
                        className="action-btn"
                      >
                        <a
                          href="#"
                          id="draft-toggle-btn"
                          onClick={[Function]}
                        >
                          <i
                            className="icon-warning-sign scale i-gray"
                            title="Urgency"
                          />
                        </a>
                      </span>
                      <span
                        className="action-btn right"
                      >
                        <a
                          href="#"
                          id="draft-discard-btn"
                          onClick={[Function]}
                        >
                          <i
                            className="icon-remove scale"
                            title="Discard"
                          />
                        </a>
                      </span>
                    </div>
                  </li>
                  <li
                    className="draft-list small-font"
                    key="1"
                  >
                    <span
                      className="draft-name"
                    >
                      hematocrit
                    </span>
                    <div
                      className="action-btn-wrapper"
                    >
                      <span
                        className="action-btn"
                      >
                        <a
                          href="#"
                          id="draft-toggle-btn"
                          onClick={[Function]}
                        >
                          <i
                            className="icon-warning-sign scale i-gray"
                            title="Urgency"
                          />
                        </a>
                      </span>
                      <span
                        className="action-btn right"
                      >
                        <a
                          href="#"
                          id="draft-discard-btn"
                          onClick={[Function]}
                        >
                          <i
                            className="icon-remove scale"
                            title="Discard"
                          />
                        </a>
                      </span>
                    </div>
                  </li>
                  <li
                    className="draft-list small-font"
                    key="2"
                  >
                    <span
                      className="draft-name"
                    >
                      blood
                    </span>
                    <div
                      className="action-btn-wrapper"
                    >
                      <span
                        className="action-btn"
                      >
                        <a
                          href="#"
                          id="draft-toggle-btn"
                          onClick={[Function]}
                        >
                          <i
                            className="icon-warning-sign scale i-gray"
                            title="Urgency"
                          />
                        </a>
                      </span>
                      <span
                        className="action-btn right"
                      >
                        <a
                          href="#"
                          id="draft-discard-btn"
                          onClick={[Function]}
                        >
                          <i
                            className="icon-remove scale"
                            title="Discard"
                          />
                        </a>
                      </span>
                    </div>
                  </li>
                </ul>
              </div>
              <br />
              <input
                className="button cancel modified-btn"
                disabled={false}
                id="draft-discard-all"
                onClick={[Function]}
                type="button"
                value="Discard All"
              />
              <input
                className="button confirm right modified-btn"
                disabled={false}
                onClick={[Function]}
                type="submit"
                value="Sign and Save"
              />
            </div>
          </LabDraftOrder>
        </div>
      </div>
      <div
        className="order-form-wrapper"
      >
        <form
          className="lab-form simple-form-ui"
        >
          <div>
            <LabPanelFieldSet
              handleTestSelection={[Function]}
              labCategoryName="Hemoglobin"
              panels={Array []}
              selectedPanelIds={Array []}
            >
              <fieldset
                className="fieldset"
              >
                <legend>
                  Panels
                </legend>
                <div
                  className="panel-box"
                >
                  <p>
                    Hemoglobin
                     has no panels
                  </p>
                </div>
              </fieldset>
            </LabPanelFieldSet>
            <LabTestFieldSet
              handleTestSelection={[Function]}
              labCategoryName="Hemoglobin"
              selectedTests={
                Array [
                  Object {
                    "display": "Hemoglobin",
                    "uuid": "12746hfgjff",
                  },
                  Object {
                    "display": "Hematocrit",
                    "uuid": "12746hfgjff",
                  },
                  Object {
                    "display": "blood",
                    "uuid": "12746hfgjff",
                  },
                ]
              }
              tests={Array []}
            >
              <fieldset
                className="fieldset"
              >
                <legend>
                  Tests
                </legend>
                <div
                  className="tests-box"
                >
                  <p>
                    Hemoglobin
                     has no Standalone Tests
                  </p>
                </div>
              </fieldset>
            </LabTestFieldSet>
          </div>
        </form>
      </div>
    </div>
    <br />
    <Accordion
      border={false}
      open={true}
      title="Pending Lab Orders"
    >
      <div
        className="accordion "
      >
        <div
          className="header"
          onClick={[Function]}
          role="button"
          tabIndex={0}
        >
          <a>
            <span>
              <img
                className="rotate90"
                height="12px"
                src="test-file-stub"
                width="12px"
              />
            </span>
              
            Pending Lab Orders
          </a>
        </div>
        <div
          className="content open"
        >
          <p>
            No pending orders
          </p>
        </div>
      </div>
    </Accordion>
    <br />
    <div>
      <Accordion
        border={false}
        open={true}
        title="Past Lab Orders"
      >
        <div
          className="accordion "
        >
          <div
            className="header"
            onClick={[Function]}
            role="button"
            tabIndex={0}
          >
            <a>
              <span>
                <img
                  className="rotate90"
                  height="12px"
                  src="test-file-stub"
                  width="12px"
                />
              </span>
                
              Past Lab Orders
            </a>
          </div>
          <div
            className="content open"
          >
            <PastOrders
              dateFormat="DD-MM-YYYY HH:mm"
              orders={
                Array [
                  Object {
                    "concept": Object {
                      "display": "Hemoglobin blood test",
                    },
                    "dateActivated": "2018-08-27T10:23:22.228Z",
                    "uuid": "1",
                  },
                ]
              }
            >
              <div>
                <table
                  className="table bordered mw-958-px"
                >
                  <thead>
                    <tr>
                      <th
                        className="w-155-px"
                      >
                        Date
                      </th>
                      <th>
                        Details
                      </th>
                    </tr>
                  </thead>
                  <tbody>
                    <tr
                      key="1"
                    >
                      <td>
                        27-08-2018 11:23
                      </td>
                      <td>
                        Hemoglobin blood test
                      </td>
                    </tr>
                  </tbody>
                </table>
              </div>
            </PastOrders>
          </div>
        </div>
      </Accordion>
    </div>
    <br />
  </div>
</LabEntryForm>
`;
